// Copyright (C) 2010 - H. Nahrstaedt
//
// shanwavf test
function [psi,x] = ref_mexihat(LB,UB,N);
x = linspace(LB,UB,N);  
// psi = (Fb^0.5)*((sinc2(Fb*x/m).^m).*exp(2*%i*%pi*Fc*x));
psi = x.^2;
psi = (2/(sqrt(3)*%pi^0.25)) * exp(-psi/2) .* (1-psi);
//psi = 2*sqrt(sqrt(%pi))/sqrt(3) * exp(-psi/2) .* (1-psi);
endfunction
LB=-5;
UB=5;
N=1000;
[psi,x] = ref_mexihat(LB,UB,N);
[PSI,X]=mexihat(LB,UB,N);
assert_checkalmostequal ( real(PSI) , real(psi) , %eps, 1e-10 );
assert_checkalmostequal ( imag(PSI) , imag(psi) , %eps, 1e-10 );
assert_checkalmostequal ( X , x , %eps, %eps );
LB=-5;
UB=5;
N=1001;
[psi,x] = ref_mexihat(LB,UB,N);
[PSI,X]=mexihat(LB,UB,N);
assert_checkalmostequal ( real(PSI) , real(psi) , %eps, 1e-10 );
assert_checkalmostequal ( imag(PSI) , imag(psi) , %eps, 1e-10 );
assert_checkalmostequal ( X , x , %eps, %eps );
