// Copyright (C) 2010 - H. Nahrstaedt
//
// Utility Function Test
// wextend test
a=rand(1,51,'normal');
b=wextend(1,'symh',a,7);
b1=wextend(1,'symh',a,7,'b');
b2=wextend(1,'symh',a,7,'l');
b3=wextend(1,'symh',a,7,'r');
b4=wextend('1','symh',a,7);
b5=wextend('1','symh',a,7,'b');
b6=wextend('1','symh',a,7,'l');
b7=wextend('1','symh',a,7,'r');
b8=wextend('1d','symh',a,7);
b9=wextend('1d','symh',a,7,'b');
b10=wextend('1d','symh',a,7,'l');
b11=wextend('1d','symh',a,7,'r');
b12=wextend('1D','symh',a,7);
b13=wextend('1D','symh',a,7,'b');
b14=wextend('1D','symh',a,7,'l');
b15=wextend('1D','symh',a,7,'r');
b16=wextend(1,'symh',a',7);
b17=wextend(1,'symh',a',7,'b');
b18=wextend(1,'symh',a',7,'l');
b19=wextend(1,'symh',a',7,'r');
b20=wextend('1','symh',a',7);
b21=wextend('1','symh',a',7,'b');
b22=wextend('1','symh',a',7,'l');
b23=wextend('1','symh',a',7,'r');
b24=wextend('1d','symh',a',7);
b25=wextend('1d','symh',a',7,'b');
b26=wextend('1d','symh',a',7,'l');
b27=wextend('1d','symh',a',7,'r');
b28=wextend('1D','symh',a',7);
b29=wextend('1D','symh',a',7,'b');
b30=wextend('1D','symh',a',7,'l');
b31=wextend('1D','symh',a',7,'r');
ind=[7:-1:1];
c=[a(ind) a a($:-1:$-6)];
c1=[a(ind) a];
c2=[a a($:-1:$-6)];
assert_checkalmostequal ( b , c , %eps );
assert_checkalmostequal ( b1 , c , %eps );
assert_checkalmostequal ( b2 , c1 , %eps );
assert_checkalmostequal ( b3 , c2 , %eps );
assert_checkalmostequal ( b4 , c , %eps );
assert_checkalmostequal ( b5 , c , %eps );
assert_checkalmostequal ( b6 , c1 , %eps );
assert_checkalmostequal ( b7 , c2 , %eps );
assert_checkalmostequal ( b8 , c , %eps );
assert_checkalmostequal ( b9 , c, %eps );
assert_checkalmostequal ( b10 , c1 , %eps );
assert_checkalmostequal ( b11 , c2 , %eps );
assert_checkalmostequal ( b12 , c , %eps );
assert_checkalmostequal ( b13 , c , %eps );
assert_checkalmostequal ( b14 , c1 , %eps );
assert_checkalmostequal ( b15 , c2 , %eps );
assert_checkalmostequal ( b16' , c , %eps );
assert_checkalmostequal ( b17' , c , %eps );
assert_checkalmostequal ( b18' , c1 , %eps );
assert_checkalmostequal ( b19' , c2 , %eps );
assert_checkalmostequal ( b20' , c , %eps );
assert_checkalmostequal ( b21' , c, %eps );
assert_checkalmostequal ( b22' , c1 , %eps );
assert_checkalmostequal ( b23' , c2 , %eps );
assert_checkalmostequal ( b24' , c , %eps );
assert_checkalmostequal ( b25' , c , %eps );
assert_checkalmostequal ( b26' , c1 , %eps );
assert_checkalmostequal ( b27' , c2 , %eps );
assert_checkalmostequal ( b28' , c , %eps );
assert_checkalmostequal ( b29' , c , %eps );
assert_checkalmostequal ( b30' , c1 , %eps );
assert_checkalmostequal ( b31' , c2 , %eps );
b=wextend(1,'SYMH',a,7);
b1=wextend(1,'SYMH',a,7,'b');
b2=wextend(1,'SYMH',a,7,'l');
b3=wextend(1,'SYMH',a,7,'r');
b4=wextend('1','SYMH',a,7);
b5=wextend('1','SYMH',a,7,'b');
b6=wextend('1','SYMH',a,7,'l');
b7=wextend('1','SYMH',a,7,'r');
b8=wextend('1d','SYMH',a,7);
b9=wextend('1d','SYMH',a,7,'b');
b10=wextend('1d','SYMH',a,7,'l');
b11=wextend('1d','SYMH',a,7,'r');
b12=wextend('1D','SYMH',a,7);
b13=wextend('1D','SYMH',a,7,'b');
b14=wextend('1D','SYMH',a,7,'l');
b15=wextend('1D','SYMH',a,7,'r');
b16=wextend(1,'SYMH',a',7);
b17=wextend(1,'SYMH',a',7,'b');
b18=wextend(1,'SYMH',a',7,'l');
b19=wextend(1,'SYMH',a',7,'r');
b20=wextend('1','SYMH',a',7);
b21=wextend('1','SYMH',a',7,'b');
b22=wextend('1','SYMH',a',7,'l');
b23=wextend('1','SYMH',a',7,'r');
b24=wextend('1d','SYMH',a',7);
b25=wextend('1d','SYMH',a',7,'b');
b26=wextend('1d','SYMH',a',7,'l');
b27=wextend('1d','SYMH',a',7,'r');
b28=wextend('1D','SYMH',a',7);
b29=wextend('1D','SYMH',a',7,'b');
b30=wextend('1D','SYMH',a',7,'l');
b31=wextend('1D','SYMH',a',7,'r');
assert_checkalmostequal ( b , c , %eps );
assert_checkalmostequal ( b1 , c , %eps );
assert_checkalmostequal ( b2 , c1 , %eps );
assert_checkalmostequal ( b3 , c2 , %eps );
assert_checkalmostequal ( b4 , c , %eps );
assert_checkalmostequal ( b5 , c , %eps );
assert_checkalmostequal ( b6 , c1 , %eps );
assert_checkalmostequal ( b7 , c2 , %eps );
assert_checkalmostequal ( b8 , c , %eps );
assert_checkalmostequal ( b9 , c, %eps );
assert_checkalmostequal ( b10 , c1 , %eps );
assert_checkalmostequal ( b11 , c2 , %eps );
assert_checkalmostequal ( b12 , c , %eps );
assert_checkalmostequal ( b13 , c , %eps );
assert_checkalmostequal ( b14 , c1 , %eps );
assert_checkalmostequal ( b15 , c2 , %eps );
assert_checkalmostequal ( b16' , c , %eps );
assert_checkalmostequal ( b17' , c , %eps );
assert_checkalmostequal ( b18' , c1 , %eps );
assert_checkalmostequal ( b19' , c2 , %eps );
assert_checkalmostequal ( b20' , c , %eps );
assert_checkalmostequal ( b21' , c, %eps );
assert_checkalmostequal ( b22' , c1 , %eps );
assert_checkalmostequal ( b23' , c2 , %eps );
assert_checkalmostequal ( b24' , c , %eps );
assert_checkalmostequal ( b25' , c , %eps );
assert_checkalmostequal ( b26' , c1 , %eps );
assert_checkalmostequal ( b27' , c2 , %eps );
assert_checkalmostequal ( b28' , c , %eps );
assert_checkalmostequal ( b29' , c , %eps );
assert_checkalmostequal ( b30' , c1 , %eps );
assert_checkalmostequal ( b31' , c2 , %eps );
b=wextend(1,'sym',a,7);
b1=wextend(1,'sym',a,7,'b');
b2=wextend(1,'sym',a,7,'l');
b3=wextend(1,'sym',a,7,'r');
b4=wextend('1','sym',a,7);
b5=wextend('1','sym',a,7,'b');
b6=wextend('1','sym',a,7,'l');
b7=wextend('1','sym',a,7,'r');
b8=wextend('1d','sym',a,7);
b9=wextend('1d','sym',a,7,'b');
b10=wextend('1d','sym',a,7,'l');
b11=wextend('1d','sym',a,7,'r');
b12=wextend('1D','sym',a,7);
b13=wextend('1D','sym',a,7,'b');
b14=wextend('1D','sym',a,7,'l');
b15=wextend('1D','sym',a,7,'r');
b16=wextend(1,'sym',a',7);
b17=wextend(1,'sym',a',7,'b');
b18=wextend(1,'sym',a',7,'l');
b19=wextend(1,'sym',a',7,'r');
b20=wextend('1','sym',a',7);
b21=wextend('1','sym',a',7,'b');
b22=wextend('1','sym',a',7,'l');
b23=wextend('1','sym',a',7,'r');
b24=wextend('1d','sym',a',7);
b25=wextend('1d','sym',a',7,'b');
b26=wextend('1d','sym',a',7,'l');
b27=wextend('1d','sym',a',7,'r');
b28=wextend('1D','sym',a',7);
b29=wextend('1D','sym',a',7,'b');
b30=wextend('1D','sym',a',7,'l');
b31=wextend('1D','sym',a',7,'r');
assert_checkalmostequal ( b , c , %eps );
assert_checkalmostequal ( b1 , c , %eps );
assert_checkalmostequal ( b2 , c1 , %eps );
assert_checkalmostequal ( b3 , c2 , %eps );
assert_checkalmostequal ( b4 , c , %eps );
assert_checkalmostequal ( b5 , c , %eps );
assert_checkalmostequal ( b6 , c1 , %eps );
assert_checkalmostequal ( b7 , c2 , %eps );
assert_checkalmostequal ( b8 , c , %eps );
assert_checkalmostequal ( b9 , c, %eps );
assert_checkalmostequal ( b10 , c1 , %eps );
assert_checkalmostequal ( b11 , c2 , %eps );
assert_checkalmostequal ( b12 , c , %eps );
assert_checkalmostequal ( b13 , c , %eps );
assert_checkalmostequal ( b14 , c1 , %eps );
assert_checkalmostequal ( b15 , c2 , %eps );
assert_checkalmostequal ( b16' , c , %eps );
assert_checkalmostequal ( b17' , c , %eps );
assert_checkalmostequal ( b18' , c1 , %eps );
assert_checkalmostequal ( b19' , c2 , %eps );
assert_checkalmostequal ( b20' , c , %eps );
assert_checkalmostequal ( b21' , c, %eps );
assert_checkalmostequal ( b22' , c1 , %eps );
assert_checkalmostequal ( b23' , c2 , %eps );
assert_checkalmostequal ( b24' , c , %eps );
assert_checkalmostequal ( b25' , c , %eps );
assert_checkalmostequal ( b26' , c1 , %eps );
assert_checkalmostequal ( b27' , c2 , %eps );
assert_checkalmostequal ( b28' , c , %eps );
assert_checkalmostequal ( b29' , c , %eps );
assert_checkalmostequal ( b30' , c1 , %eps );
assert_checkalmostequal ( b31' , c2 , %eps );
b=wextend(1,'SYM',a,7);
b1=wextend(1,'SYM',a,7,'b');
b2=wextend(1,'SYM',a,7,'l');
b3=wextend(1,'SYM',a,7,'r');
b4=wextend('1','SYM',a,7);
b5=wextend('1','SYM',a,7,'b');
b6=wextend('1','SYM',a,7,'l');
b7=wextend('1','SYM',a,7,'r');
b8=wextend('1d','SYM',a,7);
b9=wextend('1d','SYM',a,7,'b');
b10=wextend('1d','SYM',a,7,'l');
b11=wextend('1d','SYM',a,7,'r');
b12=wextend('1D','SYM',a,7);
b13=wextend('1D','SYM',a,7,'b');
b14=wextend('1D','SYM',a,7,'l');
b15=wextend('1D','SYM',a,7,'r');
b16=wextend(1,'SYM',a',7);
b17=wextend(1,'SYM',a',7,'b');
b18=wextend(1,'SYM',a',7,'l');
b19=wextend(1,'SYM',a',7,'r');
b20=wextend('1','SYM',a',7);
b21=wextend('1','SYM',a',7,'b');
b22=wextend('1','SYM',a',7,'l');
b23=wextend('1','SYM',a',7,'r');
b24=wextend('1d','SYM',a',7);
b25=wextend('1d','SYM',a',7,'b');
b26=wextend('1d','SYM',a',7,'l');
b27=wextend('1d','SYM',a',7,'r');
b28=wextend('1D','SYM',a',7);
b29=wextend('1D','SYM',a',7,'b');
b30=wextend('1D','SYM',a',7,'l');
b31=wextend('1D','SYM',a',7,'r');
assert_checkalmostequal ( b , c , %eps );
assert_checkalmostequal ( b1 , c , %eps );
assert_checkalmostequal ( b2 , c1 , %eps );
assert_checkalmostequal ( b3 , c2 , %eps );
assert_checkalmostequal ( b4 , c , %eps );
assert_checkalmostequal ( b5 , c , %eps );
assert_checkalmostequal ( b6 , c1 , %eps );
assert_checkalmostequal ( b7 , c2 , %eps );
assert_checkalmostequal ( b8 , c , %eps );
assert_checkalmostequal ( b9 , c, %eps );
assert_checkalmostequal ( b10 , c1 , %eps );
assert_checkalmostequal ( b11 , c2 , %eps );
assert_checkalmostequal ( b12 , c , %eps );
assert_checkalmostequal ( b13 , c , %eps );
assert_checkalmostequal ( b14 , c1 , %eps );
assert_checkalmostequal ( b15 , c2 , %eps );
assert_checkalmostequal ( b16' , c , %eps );
assert_checkalmostequal ( b17' , c , %eps );
assert_checkalmostequal ( b18' , c1 , %eps );
assert_checkalmostequal ( b19' , c2 , %eps );
assert_checkalmostequal ( b20' , c , %eps );
assert_checkalmostequal ( b21' , c, %eps );
assert_checkalmostequal ( b22' , c1 , %eps );
assert_checkalmostequal ( b23' , c2 , %eps );
assert_checkalmostequal ( b24' , c , %eps );
assert_checkalmostequal ( b25' , c , %eps );
assert_checkalmostequal ( b26' , c1 , %eps );
assert_checkalmostequal ( b27' , c2 , %eps );
assert_checkalmostequal ( b28' , c , %eps );
assert_checkalmostequal ( b29' , c , %eps );
assert_checkalmostequal ( b30' , c1 , %eps );
assert_checkalmostequal ( b31' , c2 , %eps );
// SYMW
b=wextend(1,'SYMW',a,7);
b1=wextend(1,'SYMW',a,7,'b');
b2=wextend(1,'SYMW',a,7,'l');
b3=wextend(1,'SYMW',a,7,'r');
b4=wextend('1','SYMW',a,7);
b5=wextend('1','SYMW',a,7,'b');
b6=wextend('1','SYMW',a,7,'l');
b7=wextend('1','SYMW',a,7,'r');
b8=wextend('1d','SYMW',a,7);
b9=wextend('1d','SYMW',a,7,'b');
b10=wextend('1d','SYMW',a,7,'l');
b11=wextend('1d','SYMW',a,7,'r');
b12=wextend('1D','SYMW',a,7);
b13=wextend('1D','SYMW',a,7,'b');
b14=wextend('1D','SYMW',a,7,'l');
b15=wextend('1D','SYMW',a,7,'r');
b16=wextend(1,'SYMW',a',7);
b17=wextend(1,'SYMW',a',7,'b');
b18=wextend(1,'SYMW',a',7,'l');
b19=wextend(1,'SYMW',a',7,'r');
b20=wextend('1','SYMW',a',7);
b21=wextend('1','SYMW',a',7,'b');
b22=wextend('1','SYMW',a',7,'l');
b23=wextend('1','SYMW',a',7,'r');
b24=wextend('1d','SYMW',a',7);
b25=wextend('1d','SYMW',a',7,'b');
b26=wextend('1d','SYMW',a',7,'l');
b27=wextend('1d','SYMW',a',7,'r');
b28=wextend('1D','SYMW',a',7);
b29=wextend('1D','SYMW',a',7,'b');
b30=wextend('1D','SYMW',a',7,'l');
b31=wextend('1D','SYMW',a',7,'r');
ind=[8:-1:2];
c=[a(ind) a a($-1:-1:$-7)];
c1=[a(ind) a];
c2=[a a($-1:-1:$-7)];
assert_checkalmostequal ( b , c , %eps );
assert_checkalmostequal ( b1 , c , %eps );
assert_checkalmostequal ( b2 , c1 , %eps );
assert_checkalmostequal ( b3 , c2 , %eps );
assert_checkalmostequal ( b4 , c , %eps );
assert_checkalmostequal ( b5 , c , %eps );
assert_checkalmostequal ( b6 , c1 , %eps );
assert_checkalmostequal ( b7 , c2 , %eps );
assert_checkalmostequal ( b8 , c , %eps );
assert_checkalmostequal ( b9 , c, %eps );
assert_checkalmostequal ( b10 , c1 , %eps );
assert_checkalmostequal ( b11 , c2 , %eps );
assert_checkalmostequal ( b12 , c , %eps );
assert_checkalmostequal ( b13 , c , %eps );
assert_checkalmostequal ( b14 , c1 , %eps );
assert_checkalmostequal ( b15 , c2 , %eps );
assert_checkalmostequal ( b16' , c , %eps );
assert_checkalmostequal ( b17' , c , %eps );
assert_checkalmostequal ( b18' , c1 , %eps );
assert_checkalmostequal ( b19' , c2 , %eps );
assert_checkalmostequal ( b20' , c , %eps );
assert_checkalmostequal ( b21' , c, %eps );
assert_checkalmostequal ( b22' , c1 , %eps );
assert_checkalmostequal ( b23' , c2 , %eps );
assert_checkalmostequal ( b24' , c , %eps );
assert_checkalmostequal ( b25' , c , %eps );
assert_checkalmostequal ( b26' , c1 , %eps );
assert_checkalmostequal ( b27' , c2 , %eps );
assert_checkalmostequal ( b28' , c , %eps );
assert_checkalmostequal ( b29' , c , %eps );
assert_checkalmostequal ( b30' , c1 , %eps );
assert_checkalmostequal ( b31' , c2 , %eps );
b=wextend(1,'symw',a,7);
b1=wextend(1,'symw',a,7,'b');
b2=wextend(1,'symw',a,7,'l');
b3=wextend(1,'symw',a,7,'r');
b4=wextend('1','symw',a,7);
b5=wextend('1','symw',a,7,'b');
b6=wextend('1','symw',a,7,'l');
b7=wextend('1','symw',a,7,'r');
b8=wextend('1d','symw',a,7);
b9=wextend('1d','symw',a,7,'b');
b10=wextend('1d','symw',a,7,'l');
b11=wextend('1d','symw',a,7,'r');
b12=wextend('1D','symw',a,7);
b13=wextend('1D','symw',a,7,'b');
b14=wextend('1D','symw',a,7,'l');
b15=wextend('1D','symw',a,7,'r');
b16=wextend(1,'symw',a',7);
b17=wextend(1,'symw',a',7,'b');
b18=wextend(1,'symw',a',7,'l');
b19=wextend(1,'symw',a',7,'r');
b20=wextend('1','symw',a',7);
b21=wextend('1','symw',a',7,'b');
b22=wextend('1','symw',a',7,'l');
b23=wextend('1','symw',a',7,'r');
b24=wextend('1d','symw',a',7);
b25=wextend('1d','symw',a',7,'b');
b26=wextend('1d','symw',a',7,'l');
b27=wextend('1d','symw',a',7,'r');
b28=wextend('1D','symw',a',7);
b29=wextend('1D','symw',a',7,'b');
b30=wextend('1D','symw',a',7,'l');
b31=wextend('1D','symw',a',7,'r');
assert_checkalmostequal ( b , c , %eps );
assert_checkalmostequal ( b1 , c , %eps );
assert_checkalmostequal ( b2 , c1 , %eps );
assert_checkalmostequal ( b3 , c2 , %eps );
assert_checkalmostequal ( b4 , c , %eps );
assert_checkalmostequal ( b5 , c , %eps );
assert_checkalmostequal ( b6 , c1 , %eps );
assert_checkalmostequal ( b7 , c2 , %eps );
assert_checkalmostequal ( b8 , c , %eps );
assert_checkalmostequal ( b9 , c, %eps );
assert_checkalmostequal ( b10 , c1 , %eps );
assert_checkalmostequal ( b11 , c2 , %eps );
assert_checkalmostequal ( b12 , c , %eps );
assert_checkalmostequal ( b13 , c , %eps );
assert_checkalmostequal ( b14 , c1 , %eps );
assert_checkalmostequal ( b15 , c2 , %eps );
assert_checkalmostequal ( b16' , c , %eps );
assert_checkalmostequal ( b17' , c , %eps );
assert_checkalmostequal ( b18' , c1 , %eps );
assert_checkalmostequal ( b19' , c2 , %eps );
assert_checkalmostequal ( b20' , c , %eps );
assert_checkalmostequal ( b21' , c, %eps );
assert_checkalmostequal ( b22' , c1 , %eps );
assert_checkalmostequal ( b23' , c2 , %eps );
assert_checkalmostequal ( b24' , c , %eps );
assert_checkalmostequal ( b25' , c , %eps );
assert_checkalmostequal ( b26' , c1 , %eps );
assert_checkalmostequal ( b27' , c2 , %eps );
assert_checkalmostequal ( b28' , c , %eps );
assert_checkalmostequal ( b29' , c , %eps );
assert_checkalmostequal ( b30' , c1 , %eps );
assert_checkalmostequal ( b31' , c2 , %eps );
// ASYMW
b=wextend(1,'ASYMW',a,7);
b1=wextend(1,'ASYMW',a,7,'b');
b2=wextend(1,'ASYMW',a,7,'l');
b3=wextend(1,'ASYMW',a,7,'r');
b4=wextend('1','ASYMW',a,7);
b5=wextend('1','ASYMW',a,7,'b');
b6=wextend('1','ASYMW',a,7,'l');
b7=wextend('1','ASYMW',a,7,'r');
b8=wextend('1d','ASYMW',a,7);
b9=wextend('1d','ASYMW',a,7,'b');
b10=wextend('1d','ASYMW',a,7,'l');
b11=wextend('1d','ASYMW',a,7,'r');
b12=wextend('1D','ASYMW',a,7);
b13=wextend('1D','ASYMW',a,7,'b');
b14=wextend('1D','ASYMW',a,7,'l');
b15=wextend('1D','ASYMW',a,7,'r');
b16=wextend(1,'ASYMW',a',7);
b17=wextend(1,'ASYMW',a',7,'b');
b18=wextend(1,'ASYMW',a',7,'l');
b19=wextend(1,'ASYMW',a',7,'r');
b20=wextend('1','ASYMW',a',7);
b21=wextend('1','ASYMW',a',7,'b');
b22=wextend('1','ASYMW',a',7,'l');
b23=wextend('1','ASYMW',a',7,'r');
b24=wextend('1d','ASYMW',a',7);
b25=wextend('1d','ASYMW',a',7,'b');
b26=wextend('1d','ASYMW',a',7,'l');
b27=wextend('1d','ASYMW',a',7,'r');
b28=wextend('1D','ASYMW',a',7);
b29=wextend('1D','ASYMW',a',7,'b');
b30=wextend('1D','ASYMW',a',7,'l');
b31=wextend('1D','ASYMW',a',7,'r');
ind=[8:-1:2];
c=[-a(ind) a -a($-1:-1:$-7)];
c1=[-a(ind) a];
c2=[a -a($-1:-1:$-7)];
assert_checkalmostequal ( b , c , %eps );
assert_checkalmostequal ( b1 , c , %eps );
assert_checkalmostequal ( b2 , c1 , %eps );
assert_checkalmostequal ( b3 , c2 , %eps );
assert_checkalmostequal ( b4 , c , %eps );
assert_checkalmostequal ( b5 , c , %eps );
assert_checkalmostequal ( b6 , c1 , %eps );
assert_checkalmostequal ( b7 , c2 , %eps );
assert_checkalmostequal ( b8 , c , %eps );
assert_checkalmostequal ( b9 , c, %eps );
assert_checkalmostequal ( b10 , c1 , %eps );
assert_checkalmostequal ( b11 , c2 , %eps );
assert_checkalmostequal ( b12 , c , %eps );
assert_checkalmostequal ( b13 , c , %eps );
assert_checkalmostequal ( b14 , c1 , %eps );
assert_checkalmostequal ( b15 , c2 , %eps );
assert_checkalmostequal ( b16' , c , %eps );
assert_checkalmostequal ( b17' , c , %eps );
assert_checkalmostequal ( b18' , c1 , %eps );
assert_checkalmostequal ( b19' , c2 , %eps );
assert_checkalmostequal ( b20' , c , %eps );
assert_checkalmostequal ( b21' , c, %eps );
assert_checkalmostequal ( b22' , c1 , %eps );
assert_checkalmostequal ( b23' , c2 , %eps );
assert_checkalmostequal ( b24' , c , %eps );
assert_checkalmostequal ( b25' , c , %eps );
assert_checkalmostequal ( b26' , c1 , %eps );
assert_checkalmostequal ( b27' , c2 , %eps );
assert_checkalmostequal ( b28' , c , %eps );
assert_checkalmostequal ( b29' , c , %eps );
assert_checkalmostequal ( b30' , c1 , %eps );
assert_checkalmostequal ( b31' , c2 , %eps );
b=wextend(1,'asymw',a,7);
b1=wextend(1,'asymw',a,7,'b');
b2=wextend(1,'asymw',a,7,'l');
b3=wextend(1,'asymw',a,7,'r');
b4=wextend('1','asymw',a,7);
b5=wextend('1','asymw',a,7,'b');
b6=wextend('1','asymw',a,7,'l');
b7=wextend('1','asymw',a,7,'r');
b8=wextend('1d','asymw',a,7);
b9=wextend('1d','asymw',a,7,'b');
b10=wextend('1d','asymw',a,7,'l');
b11=wextend('1d','asymw',a,7,'r');
b12=wextend('1D','asymw',a,7);
b13=wextend('1D','asymw',a,7,'b');
b14=wextend('1D','asymw',a,7,'l');
b15=wextend('1D','asymw',a,7,'r');
b16=wextend(1,'asymw',a',7);
b17=wextend(1,'asymw',a',7,'b');
b18=wextend(1,'asymw',a',7,'l');
b19=wextend(1,'asymw',a',7,'r');
b20=wextend('1','asymw',a',7);
b21=wextend('1','asymw',a',7,'b');
b22=wextend('1','asymw',a',7,'l');
b23=wextend('1','asymw',a',7,'r');
b24=wextend('1d','asymw',a',7);
b25=wextend('1d','asymw',a',7,'b');
b26=wextend('1d','asymw',a',7,'l');
b27=wextend('1d','asymw',a',7,'r');
b28=wextend('1D','asymw',a',7);
b29=wextend('1D','asymw',a',7,'b');
b30=wextend('1D','asymw',a',7,'l');
b31=wextend('1D','asymw',a',7,'r');
assert_checkalmostequal ( b , c , %eps );
assert_checkalmostequal ( b1 , c , %eps );
assert_checkalmostequal ( b2 , c1 , %eps );
assert_checkalmostequal ( b3 , c2 , %eps );
assert_checkalmostequal ( b4 , c , %eps );
assert_checkalmostequal ( b5 , c , %eps );
assert_checkalmostequal ( b6 , c1 , %eps );
assert_checkalmostequal ( b7 , c2 , %eps );
assert_checkalmostequal ( b8 , c , %eps );
assert_checkalmostequal ( b9 , c, %eps );
assert_checkalmostequal ( b10 , c1 , %eps );
assert_checkalmostequal ( b11 , c2 , %eps );
assert_checkalmostequal ( b12 , c , %eps );
assert_checkalmostequal ( b13 , c , %eps );
assert_checkalmostequal ( b14 , c1 , %eps );
assert_checkalmostequal ( b15 , c2 , %eps );
assert_checkalmostequal ( b16' , c , %eps );
assert_checkalmostequal ( b17' , c , %eps );
assert_checkalmostequal ( b18' , c1 , %eps );
assert_checkalmostequal ( b19' , c2 , %eps );
assert_checkalmostequal ( b20' , c , %eps );
assert_checkalmostequal ( b21' , c, %eps );
assert_checkalmostequal ( b22' , c1 , %eps );
assert_checkalmostequal ( b23' , c2 , %eps );
assert_checkalmostequal ( b24' , c , %eps );
assert_checkalmostequal ( b25' , c , %eps );
assert_checkalmostequal ( b26' , c1 , %eps );
assert_checkalmostequal ( b27' , c2 , %eps );
assert_checkalmostequal ( b28' , c , %eps );
assert_checkalmostequal ( b29' , c , %eps );
assert_checkalmostequal ( b30' , c1 , %eps );
assert_checkalmostequal ( b31' , c2 , %eps );
// ASYMH
b=wextend(1,'asymh',a,7);
b1=wextend(1,'asymh',a,7,'b');
b2=wextend(1,'asymh',a,7,'l');
b3=wextend(1,'asymh',a,7,'r');
b4=wextend('1','asymh',a,7);
b5=wextend('1','asymh',a,7,'b');
b6=wextend('1','asymh',a,7,'l');
b7=wextend('1','asymh',a,7,'r');
b8=wextend('1d','asymh',a,7);
b9=wextend('1d','asymh',a,7,'b');
b10=wextend('1d','asymh',a,7,'l');
b11=wextend('1d','asymh',a,7,'r');
b12=wextend('1D','asymh',a,7);
b13=wextend('1D','asymh',a,7,'b');
b14=wextend('1D','asymh',a,7,'l');
b15=wextend('1D','asymh',a,7,'r');
b16=wextend(1,'asymh',a',7);
b17=wextend(1,'asymh',a',7,'b');
b18=wextend(1,'asymh',a',7,'l');
b19=wextend(1,'asymh',a',7,'r');
b20=wextend('1','asymh',a',7);
b21=wextend('1','asymh',a',7,'b');
b22=wextend('1','asymh',a',7,'l');
b23=wextend('1','asymh',a',7,'r');
b24=wextend('1d','asymh',a',7);
b25=wextend('1d','asymh',a',7,'b');
b26=wextend('1d','asymh',a',7,'l');
b27=wextend('1d','asymh',a',7,'r');
b28=wextend('1D','asymh',a',7);
b29=wextend('1D','asymh',a',7,'b');
b30=wextend('1D','asymh',a',7,'l');
b31=wextend('1D','asymh',a',7,'r');
ind=[7:-1:1];
c=[-a(ind) a -a($:-1:$-6)];
c1=[-a(ind) a];
c2=[a -a($:-1:$-6)];
assert_checkalmostequal ( b , c , %eps );
assert_checkalmostequal ( b1 , c , %eps );
assert_checkalmostequal ( b2 , c1 , %eps );
assert_checkalmostequal ( b3 , c2 , %eps );
assert_checkalmostequal ( b4 , c , %eps );
assert_checkalmostequal ( b5 , c , %eps );
assert_checkalmostequal ( b6 , c1 , %eps );
assert_checkalmostequal ( b7 , c2 , %eps );
assert_checkalmostequal ( b8 , c , %eps );
assert_checkalmostequal ( b9 , c, %eps );
assert_checkalmostequal ( b10 , c1 , %eps );
assert_checkalmostequal ( b11 , c2 , %eps );
assert_checkalmostequal ( b12 , c , %eps );
assert_checkalmostequal ( b13 , c , %eps );
assert_checkalmostequal ( b14 , c1 , %eps );
assert_checkalmostequal ( b15 , c2 , %eps );
assert_checkalmostequal ( b16' , c , %eps );
assert_checkalmostequal ( b17' , c , %eps );
assert_checkalmostequal ( b18' , c1 , %eps );
assert_checkalmostequal ( b19' , c2 , %eps );
assert_checkalmostequal ( b20' , c , %eps );
assert_checkalmostequal ( b21' , c, %eps );
assert_checkalmostequal ( b22' , c1 , %eps );
assert_checkalmostequal ( b23' , c2 , %eps );
assert_checkalmostequal ( b24' , c , %eps );
assert_checkalmostequal ( b25' , c , %eps );
assert_checkalmostequal ( b26' , c1 , %eps );
assert_checkalmostequal ( b27' , c2 , %eps );
assert_checkalmostequal ( b28' , c , %eps );
assert_checkalmostequal ( b29' , c , %eps );
assert_checkalmostequal ( b30' , c1 , %eps );
assert_checkalmostequal ( b31' , c2 , %eps );
b=wextend(1,'ASYMH',a,7);
b1=wextend(1,'ASYMH',a,7,'b');
b2=wextend(1,'ASYMH',a,7,'l');
b3=wextend(1,'ASYMH',a,7,'r');
b4=wextend('1','ASYMH',a,7);
b5=wextend('1','ASYMH',a,7,'b');
b6=wextend('1','ASYMH',a,7,'l');
b7=wextend('1','ASYMH',a,7,'r');
b8=wextend('1d','ASYMH',a,7);
b9=wextend('1d','ASYMH',a,7,'b');
b10=wextend('1d','ASYMH',a,7,'l');
b11=wextend('1d','ASYMH',a,7,'r');
b12=wextend('1D','ASYMH',a,7);
b13=wextend('1D','ASYMH',a,7,'b');
b14=wextend('1D','ASYMH',a,7,'l');
b15=wextend('1D','ASYMH',a,7,'r');
b16=wextend(1,'ASYMH',a',7);
b17=wextend(1,'ASYMH',a',7,'b');
b18=wextend(1,'ASYMH',a',7,'l');
b19=wextend(1,'ASYMH',a',7,'r');
b20=wextend('1','ASYMH',a',7);
b21=wextend('1','ASYMH',a',7,'b');
b22=wextend('1','ASYMH',a',7,'l');
b23=wextend('1','ASYMH',a',7,'r');
b24=wextend('1d','ASYMH',a',7);
b25=wextend('1d','ASYMH',a',7,'b');
b26=wextend('1d','ASYMH',a',7,'l');
b27=wextend('1d','ASYMH',a',7,'r');
b28=wextend('1D','ASYMH',a',7);
b29=wextend('1D','ASYMH',a',7,'b');
b30=wextend('1D','ASYMH',a',7,'l');
b31=wextend('1D','ASYMH',a',7,'r');
assert_checkalmostequal ( b , c , %eps );
assert_checkalmostequal ( b1 , c , %eps );
assert_checkalmostequal ( b2 , c1 , %eps );
assert_checkalmostequal ( b3 , c2 , %eps );
assert_checkalmostequal ( b4 , c , %eps );
assert_checkalmostequal ( b5 , c , %eps );
assert_checkalmostequal ( b6 , c1 , %eps );
assert_checkalmostequal ( b7 , c2 , %eps );
assert_checkalmostequal ( b8 , c , %eps );
assert_checkalmostequal ( b9 , c, %eps );
assert_checkalmostequal ( b10 , c1 , %eps );
assert_checkalmostequal ( b11 , c2 , %eps );
assert_checkalmostequal ( b12 , c , %eps );
assert_checkalmostequal ( b13 , c , %eps );
assert_checkalmostequal ( b14 , c1 , %eps );
assert_checkalmostequal ( b15 , c2 , %eps );
assert_checkalmostequal ( b16' , c , %eps );
assert_checkalmostequal ( b17' , c , %eps );
assert_checkalmostequal ( b18' , c1 , %eps );
assert_checkalmostequal ( b19' , c2 , %eps );
assert_checkalmostequal ( b20' , c , %eps );
assert_checkalmostequal ( b21' , c, %eps );
assert_checkalmostequal ( b22' , c1 , %eps );
assert_checkalmostequal ( b23' , c2 , %eps );
assert_checkalmostequal ( b24' , c , %eps );
assert_checkalmostequal ( b25' , c , %eps );
assert_checkalmostequal ( b26' , c1 , %eps );
assert_checkalmostequal ( b27' , c2 , %eps );
assert_checkalmostequal ( b28' , c , %eps );
assert_checkalmostequal ( b29' , c , %eps );
assert_checkalmostequal ( b30' , c1 , %eps );
assert_checkalmostequal ( b31' , c2 , %eps );
b=wextend(1,'asym',a,7);
b1=wextend(1,'asym',a,7,'b');
b2=wextend(1,'asym',a,7,'l');
b3=wextend(1,'asym',a,7,'r');
b4=wextend('1','asym',a,7);
b5=wextend('1','asym',a,7,'b');
b6=wextend('1','asym',a,7,'l');
b7=wextend('1','asym',a,7,'r');
b8=wextend('1d','asym',a,7);
b9=wextend('1d','asym',a,7,'b');
b10=wextend('1d','asym',a,7,'l');
b11=wextend('1d','asym',a,7,'r');
b12=wextend('1D','asym',a,7);
b13=wextend('1D','asym',a,7,'b');
b14=wextend('1D','asym',a,7,'l');
b15=wextend('1D','asym',a,7,'r');
b16=wextend(1,'asym',a',7);
b17=wextend(1,'asym',a',7,'b');
b18=wextend(1,'asym',a',7,'l');
b19=wextend(1,'asym',a',7,'r');
b20=wextend('1','asym',a',7);
b21=wextend('1','asym',a',7,'b');
b22=wextend('1','asym',a',7,'l');
b23=wextend('1','asym',a',7,'r');
b24=wextend('1d','asym',a',7);
b25=wextend('1d','asym',a',7,'b');
b26=wextend('1d','asym',a',7,'l');
b27=wextend('1d','asym',a',7,'r');
b28=wextend('1D','asym',a',7);
b29=wextend('1D','asym',a',7,'b');
b30=wextend('1D','asym',a',7,'l');
b31=wextend('1D','asym',a',7,'r');
assert_checkalmostequal ( b , c , %eps );
assert_checkalmostequal ( b1 , c , %eps );
assert_checkalmostequal ( b2 , c1 , %eps );
assert_checkalmostequal ( b3 , c2 , %eps );
assert_checkalmostequal ( b4 , c , %eps );
assert_checkalmostequal ( b5 , c , %eps );
assert_checkalmostequal ( b6 , c1 , %eps );
assert_checkalmostequal ( b7 , c2 , %eps );
assert_checkalmostequal ( b8 , c , %eps );
assert_checkalmostequal ( b9 , c, %eps );
assert_checkalmostequal ( b10 , c1 , %eps );
assert_checkalmostequal ( b11 , c2 , %eps );
assert_checkalmostequal ( b12 , c , %eps );
assert_checkalmostequal ( b13 , c , %eps );
assert_checkalmostequal ( b14 , c1 , %eps );
assert_checkalmostequal ( b15 , c2 , %eps );
assert_checkalmostequal ( b16' , c , %eps );
assert_checkalmostequal ( b17' , c , %eps );
assert_checkalmostequal ( b18' , c1 , %eps );
assert_checkalmostequal ( b19' , c2 , %eps );
assert_checkalmostequal ( b20' , c , %eps );
assert_checkalmostequal ( b21' , c, %eps );
assert_checkalmostequal ( b22' , c1 , %eps );
assert_checkalmostequal ( b23' , c2 , %eps );
assert_checkalmostequal ( b24' , c , %eps );
assert_checkalmostequal ( b25' , c , %eps );
assert_checkalmostequal ( b26' , c1 , %eps );
assert_checkalmostequal ( b27' , c2 , %eps );
assert_checkalmostequal ( b28' , c , %eps );
assert_checkalmostequal ( b29' , c , %eps );
assert_checkalmostequal ( b30' , c1 , %eps );
assert_checkalmostequal ( b31' , c2 , %eps );
b=wextend(1,'ASYM',a,7);
b1=wextend(1,'ASYM',a,7,'b');
b2=wextend(1,'ASYM',a,7,'l');
b3=wextend(1,'ASYM',a,7,'r');
b4=wextend('1','ASYM',a,7);
b5=wextend('1','ASYM',a,7,'b');
b6=wextend('1','ASYM',a,7,'l');
b7=wextend('1','ASYM',a,7,'r');
b8=wextend('1d','ASYM',a,7);
b9=wextend('1d','ASYM',a,7,'b');
b10=wextend('1d','ASYM',a,7,'l');
b11=wextend('1d','ASYM',a,7,'r');
b12=wextend('1D','ASYM',a,7);
b13=wextend('1D','ASYM',a,7,'b');
b14=wextend('1D','ASYM',a,7,'l');
b15=wextend('1D','ASYM',a,7,'r');
b16=wextend(1,'ASYM',a',7);
b17=wextend(1,'ASYM',a',7,'b');
b18=wextend(1,'ASYM',a',7,'l');
b19=wextend(1,'ASYM',a',7,'r');
b20=wextend('1','ASYM',a',7);
b21=wextend('1','ASYM',a',7,'b');
b22=wextend('1','ASYM',a',7,'l');
b23=wextend('1','ASYM',a',7,'r');
b24=wextend('1d','ASYM',a',7);
b25=wextend('1d','ASYM',a',7,'b');
b26=wextend('1d','ASYM',a',7,'l');
b27=wextend('1d','ASYM',a',7,'r');
b28=wextend('1D','ASYM',a',7);
b29=wextend('1D','ASYM',a',7,'b');
b30=wextend('1D','ASYM',a',7,'l');
b31=wextend('1D','ASYM',a',7,'r');
assert_checkalmostequal ( b , c , %eps );
assert_checkalmostequal ( b1 , c , %eps );
assert_checkalmostequal ( b2 , c1 , %eps );
assert_checkalmostequal ( b3 , c2 , %eps );
assert_checkalmostequal ( b4 , c , %eps );
assert_checkalmostequal ( b5 , c , %eps );
assert_checkalmostequal ( b6 , c1 , %eps );
assert_checkalmostequal ( b7 , c2 , %eps );
assert_checkalmostequal ( b8 , c , %eps );
assert_checkalmostequal ( b9 , c, %eps );
assert_checkalmostequal ( b10 , c1 , %eps );
assert_checkalmostequal ( b11 , c2 , %eps );
assert_checkalmostequal ( b12 , c , %eps );
assert_checkalmostequal ( b13 , c , %eps );
assert_checkalmostequal ( b14 , c1 , %eps );
assert_checkalmostequal ( b15 , c2 , %eps );
assert_checkalmostequal ( b16' , c , %eps );
assert_checkalmostequal ( b17' , c , %eps );
assert_checkalmostequal ( b18' , c1 , %eps );
assert_checkalmostequal ( b19' , c2 , %eps );
assert_checkalmostequal ( b20' , c , %eps );
assert_checkalmostequal ( b21' , c, %eps );
assert_checkalmostequal ( b22' , c1 , %eps );
assert_checkalmostequal ( b23' , c2 , %eps );
assert_checkalmostequal ( b24' , c , %eps );
assert_checkalmostequal ( b25' , c , %eps );
assert_checkalmostequal ( b26' , c1 , %eps );
assert_checkalmostequal ( b27' , c2 , %eps );
assert_checkalmostequal ( b28' , c , %eps );
assert_checkalmostequal ( b29' , c , %eps );
assert_checkalmostequal ( b30' , c1 , %eps );
assert_checkalmostequal ( b31' , c2 , %eps );
// ZPD
b=wextend(1,'ZPD',a,7);
b1=wextend(1,'ZPD',a,7,'b');
b2=wextend(1,'ZPD',a,7,'l');
b3=wextend(1,'ZPD',a,7,'r');
b4=wextend('1','ZPD',a,7);
b5=wextend('1','ZPD',a,7,'b');
b6=wextend('1','ZPD',a,7,'l');
b7=wextend('1','ZPD',a,7,'r');
b8=wextend('1d','ZPD',a,7);
b9=wextend('1d','ZPD',a,7,'b');
b10=wextend('1d','ZPD',a,7,'l');
b11=wextend('1d','ZPD',a,7,'r');
b12=wextend('1D','ZPD',a,7);
b13=wextend('1D','ZPD',a,7,'b');
b14=wextend('1D','ZPD',a,7,'l');
b15=wextend('1D','ZPD',a,7,'r');
b16=wextend(1,'ZPD',a',7);
b17=wextend(1,'ZPD',a',7,'b');
b18=wextend(1,'ZPD',a',7,'l');
b19=wextend(1,'ZPD',a',7,'r');
b20=wextend('1','ZPD',a',7);
b21=wextend('1','ZPD',a',7,'b');
b22=wextend('1','ZPD',a',7,'l');
b23=wextend('1','ZPD',a',7,'r');
b24=wextend('1d','ZPD',a',7);
b25=wextend('1d','ZPD',a',7,'b');
b26=wextend('1d','ZPD',a',7,'l');
b27=wextend('1d','ZPD',a',7,'r');
b28=wextend('1D','ZPD',a',7);
b29=wextend('1D','ZPD',a',7,'b');
b30=wextend('1D','ZPD',a',7,'l');
b31=wextend('1D','ZPD',a',7,'r');
c=[zeros(1,7) a zeros(1,7)];
c1=[zeros(1,7) a];
c2=[a zeros(1,7)];
assert_checkalmostequal ( b , c , %eps );
assert_checkalmostequal ( b1 , c , %eps );
assert_checkalmostequal ( b2 , c1 , %eps );
assert_checkalmostequal ( b3 , c2 , %eps );
assert_checkalmostequal ( b4 , c , %eps );
assert_checkalmostequal ( b5 , c , %eps );
assert_checkalmostequal ( b6 , c1 , %eps );
assert_checkalmostequal ( b7 , c2 , %eps );
assert_checkalmostequal ( b8 , c , %eps );
assert_checkalmostequal ( b9 , c, %eps );
assert_checkalmostequal ( b10 , c1 , %eps );
assert_checkalmostequal ( b11 , c2 , %eps );
assert_checkalmostequal ( b12 , c , %eps );
assert_checkalmostequal ( b13 , c , %eps );
assert_checkalmostequal ( b14 , c1 , %eps );
assert_checkalmostequal ( b15 , c2 , %eps );
assert_checkalmostequal ( b16' , c , %eps );
assert_checkalmostequal ( b17' , c , %eps );
assert_checkalmostequal ( b18' , c1 , %eps );
assert_checkalmostequal ( b19' , c2 , %eps );
assert_checkalmostequal ( b20' , c , %eps );
assert_checkalmostequal ( b21' , c, %eps );
assert_checkalmostequal ( b22' , c1 , %eps );
assert_checkalmostequal ( b23' , c2 , %eps );
assert_checkalmostequal ( b24' , c , %eps );
assert_checkalmostequal ( b25' , c , %eps );
assert_checkalmostequal ( b26' , c1 , %eps );
assert_checkalmostequal ( b27' , c2 , %eps );
assert_checkalmostequal ( b28' , c , %eps );
assert_checkalmostequal ( b29' , c , %eps );
assert_checkalmostequal ( b30' , c1 , %eps );
assert_checkalmostequal ( b31' , c2 , %eps );
b=wextend(1,'zpd',a,7);
b1=wextend(1,'zpd',a,7,'b');
b2=wextend(1,'zpd',a,7,'l');
b3=wextend(1,'zpd',a,7,'r');
b4=wextend('1','zpd',a,7);
b5=wextend('1','zpd',a,7,'b');
b6=wextend('1','zpd',a,7,'l');
b7=wextend('1','zpd',a,7,'r');
b8=wextend('1d','zpd',a,7);
b9=wextend('1d','zpd',a,7,'b');
b10=wextend('1d','zpd',a,7,'l');
b11=wextend('1d','zpd',a,7,'r');
b12=wextend('1D','zpd',a,7);
b13=wextend('1D','zpd',a,7,'b');
b14=wextend('1D','zpd',a,7,'l');
b15=wextend('1D','zpd',a,7,'r');
b16=wextend(1,'zpd',a',7);
b17=wextend(1,'zpd',a',7,'b');
b18=wextend(1,'zpd',a',7,'l');
b19=wextend(1,'zpd',a',7,'r');
b20=wextend('1','zpd',a',7);
b21=wextend('1','zpd',a',7,'b');
b22=wextend('1','zpd',a',7,'l');
b23=wextend('1','zpd',a',7,'r');
b24=wextend('1d','zpd',a',7);
b25=wextend('1d','zpd',a',7,'b');
b26=wextend('1d','zpd',a',7,'l');
b27=wextend('1d','zpd',a',7,'r');
b28=wextend('1D','zpd',a',7);
b29=wextend('1D','zpd',a',7,'b');
b30=wextend('1D','zpd',a',7,'l');
b31=wextend('1D','zpd',a',7,'r');
assert_checkalmostequal ( b , c , %eps );
assert_checkalmostequal ( b1 , c , %eps );
assert_checkalmostequal ( b2 , c1 , %eps );
assert_checkalmostequal ( b3 , c2 , %eps );
assert_checkalmostequal ( b4 , c , %eps );
assert_checkalmostequal ( b5 , c , %eps );
assert_checkalmostequal ( b6 , c1 , %eps );
assert_checkalmostequal ( b7 , c2 , %eps );
assert_checkalmostequal ( b8 , c , %eps );
assert_checkalmostequal ( b9 , c, %eps );
assert_checkalmostequal ( b10 , c1 , %eps );
assert_checkalmostequal ( b11 , c2 , %eps );
assert_checkalmostequal ( b12 , c , %eps );
assert_checkalmostequal ( b13 , c , %eps );
assert_checkalmostequal ( b14 , c1 , %eps );
assert_checkalmostequal ( b15 , c2 , %eps );
assert_checkalmostequal ( b16' , c , %eps );
assert_checkalmostequal ( b17' , c , %eps );
assert_checkalmostequal ( b18' , c1 , %eps );
assert_checkalmostequal ( b19' , c2 , %eps );
assert_checkalmostequal ( b20' , c , %eps );
assert_checkalmostequal ( b21' , c, %eps );
assert_checkalmostequal ( b22' , c1 , %eps );
assert_checkalmostequal ( b23' , c2 , %eps );
assert_checkalmostequal ( b24' , c , %eps );
assert_checkalmostequal ( b25' , c , %eps );
assert_checkalmostequal ( b26' , c1 , %eps );
assert_checkalmostequal ( b27' , c2 , %eps );
assert_checkalmostequal ( b28' , c , %eps );
assert_checkalmostequal ( b29' , c , %eps );
assert_checkalmostequal ( b30' , c1 , %eps );
assert_checkalmostequal ( b31' , c2 , %eps );
// SP0
b=wextend(1,'SP0',a,7);
b1=wextend(1,'SP0',a,7,'b');
b2=wextend(1,'SP0',a,7,'l');
b3=wextend(1,'SP0',a,7,'r');
b4=wextend('1','SP0',a,7);
b5=wextend('1','SP0',a,7,'b');
b6=wextend('1','SP0',a,7,'l');
b7=wextend('1','SP0',a,7,'r');
b8=wextend('1d','SP0',a,7);
b9=wextend('1d','SP0',a,7,'b');
b10=wextend('1d','SP0',a,7,'l');
b11=wextend('1d','SP0',a,7,'r');
b12=wextend('1D','SP0',a,7);
b13=wextend('1D','SP0',a,7,'b');
b14=wextend('1D','SP0',a,7,'l');
b15=wextend('1D','SP0',a,7,'r');
b16=wextend(1,'SP0',a',7);
b17=wextend(1,'SP0',a',7,'b');
b18=wextend(1,'SP0',a',7,'l');
b19=wextend(1,'SP0',a',7,'r');
b20=wextend('1','SP0',a',7);
b21=wextend('1','SP0',a',7,'b');
b22=wextend('1','SP0',a',7,'l');
b23=wextend('1','SP0',a',7,'r');
b24=wextend('1d','SP0',a',7);
b25=wextend('1d','SP0',a',7,'b');
b26=wextend('1d','SP0',a',7,'l');
b27=wextend('1d','SP0',a',7,'r');
b28=wextend('1D','SP0',a',7);
b29=wextend('1D','SP0',a',7,'b');
b30=wextend('1D','SP0',a',7,'l');
b31=wextend('1D','SP0',a',7,'r');
c=[ones(1,7)*a(1) a ones(1,7)*a($)];
c1=[ones(1,7)*a(1) a];
c2=[a ones(1,7)*a($)];
assert_checkalmostequal ( b , c , %eps );
assert_checkalmostequal ( b1 , c , %eps );
assert_checkalmostequal ( b2 , c1 , %eps );
assert_checkalmostequal ( b3 , c2 , %eps );
assert_checkalmostequal ( b4 , c , %eps );
assert_checkalmostequal ( b5 , c , %eps );
assert_checkalmostequal ( b6 , c1 , %eps );
assert_checkalmostequal ( b7 , c2 , %eps );
assert_checkalmostequal ( b8 , c , %eps );
assert_checkalmostequal ( b9 , c, %eps );
assert_checkalmostequal ( b10 , c1 , %eps );
assert_checkalmostequal ( b11 , c2 , %eps );
assert_checkalmostequal ( b12 , c , %eps );
assert_checkalmostequal ( b13 , c , %eps );
assert_checkalmostequal ( b14 , c1 , %eps );
assert_checkalmostequal ( b15 , c2 , %eps );
assert_checkalmostequal ( b16' , c , %eps );
assert_checkalmostequal ( b17' , c , %eps );
assert_checkalmostequal ( b18' , c1 , %eps );
assert_checkalmostequal ( b19' , c2 , %eps );
assert_checkalmostequal ( b20' , c , %eps );
assert_checkalmostequal ( b21' , c, %eps );
assert_checkalmostequal ( b22' , c1 , %eps );
assert_checkalmostequal ( b23' , c2 , %eps );
assert_checkalmostequal ( b24' , c , %eps );
assert_checkalmostequal ( b25' , c , %eps );
assert_checkalmostequal ( b26' , c1 , %eps );
assert_checkalmostequal ( b27' , c2 , %eps );
assert_checkalmostequal ( b28' , c , %eps );
assert_checkalmostequal ( b29' , c , %eps );
assert_checkalmostequal ( b30' , c1 , %eps );
assert_checkalmostequal ( b31' , c2 , %eps );
b=wextend(1,'sp0',a,7);
b1=wextend(1,'sp0',a,7,'b');
b2=wextend(1,'sp0',a,7,'l');
b3=wextend(1,'sp0',a,7,'r');
b4=wextend('1','sp0',a,7);
b5=wextend('1','sp0',a,7,'b');
b6=wextend('1','sp0',a,7,'l');
b7=wextend('1','sp0',a,7,'r');
b8=wextend('1d','sp0',a,7);
b9=wextend('1d','sp0',a,7,'b');
b10=wextend('1d','sp0',a,7,'l');
b11=wextend('1d','sp0',a,7,'r');
b12=wextend('1D','sp0',a,7);
b13=wextend('1D','sp0',a,7,'b');
b14=wextend('1D','sp0',a,7,'l');
b15=wextend('1D','sp0',a,7,'r');
b16=wextend(1,'sp0',a',7);
b17=wextend(1,'sp0',a',7,'b');
b18=wextend(1,'sp0',a',7,'l');
b19=wextend(1,'sp0',a',7,'r');
b20=wextend('1','sp0',a',7);
b21=wextend('1','sp0',a',7,'b');
b22=wextend('1','sp0',a',7,'l');
b23=wextend('1','sp0',a',7,'r');
b24=wextend('1d','sp0',a',7);
b25=wextend('1d','sp0',a',7,'b');
b26=wextend('1d','sp0',a',7,'l');
b27=wextend('1d','sp0',a',7,'r');
b28=wextend('1D','sp0',a',7);
b29=wextend('1D','sp0',a',7,'b');
b30=wextend('1D','sp0',a',7,'l');
b31=wextend('1D','sp0',a',7,'r');
assert_checkalmostequal ( b , c , %eps );
assert_checkalmostequal ( b1 , c , %eps );
assert_checkalmostequal ( b2 , c1 , %eps );
assert_checkalmostequal ( b3 , c2 , %eps );
assert_checkalmostequal ( b4 , c , %eps );
assert_checkalmostequal ( b5 , c , %eps );
assert_checkalmostequal ( b6 , c1 , %eps );
assert_checkalmostequal ( b7 , c2 , %eps );
assert_checkalmostequal ( b8 , c , %eps );
assert_checkalmostequal ( b9 , c, %eps );
assert_checkalmostequal ( b10 , c1 , %eps );
assert_checkalmostequal ( b11 , c2 , %eps );
assert_checkalmostequal ( b12 , c , %eps );
assert_checkalmostequal ( b13 , c , %eps );
assert_checkalmostequal ( b14 , c1 , %eps );
assert_checkalmostequal ( b15 , c2 , %eps );
assert_checkalmostequal ( b16' , c , %eps );
assert_checkalmostequal ( b17' , c , %eps );
assert_checkalmostequal ( b18' , c1 , %eps );
assert_checkalmostequal ( b19' , c2 , %eps );
assert_checkalmostequal ( b20' , c , %eps );
assert_checkalmostequal ( b21' , c, %eps );
assert_checkalmostequal ( b22' , c1 , %eps );
assert_checkalmostequal ( b23' , c2 , %eps );
assert_checkalmostequal ( b24' , c , %eps );
assert_checkalmostequal ( b25' , c , %eps );
assert_checkalmostequal ( b26' , c1 , %eps );
assert_checkalmostequal ( b27' , c2 , %eps );
assert_checkalmostequal ( b28' , c , %eps );
assert_checkalmostequal ( b29' , c , %eps );
assert_checkalmostequal ( b30' , c1 , %eps );
assert_checkalmostequal ( b31' , c2 , %eps );
// PPD
b=wextend(1,'PPD',a,7);
b1=wextend(1,'PPD',a,7,'b');
b2=wextend(1,'PPD',a,7,'l');
b3=wextend(1,'PPD',a,7,'r');
b4=wextend('1','PPD',a,7);
b5=wextend('1','PPD',a,7,'b');
b6=wextend('1','PPD',a,7,'l');
b7=wextend('1','PPD',a,7,'r');
b8=wextend('1d','PPD',a,7);
b9=wextend('1d','PPD',a,7,'b');
b10=wextend('1d','PPD',a,7,'l');
b11=wextend('1d','PPD',a,7,'r');
b12=wextend('1D','PPD',a,7);
b13=wextend('1D','PPD',a,7,'b');
b14=wextend('1D','PPD',a,7,'l');
b15=wextend('1D','PPD',a,7,'r');
b16=wextend(1,'PPD',a',7);
b17=wextend(1,'PPD',a',7,'b');
b18=wextend(1,'PPD',a',7,'l');
b19=wextend(1,'PPD',a',7,'r');
b20=wextend('1','PPD',a',7);
b21=wextend('1','PPD',a',7,'b');
b22=wextend('1','PPD',a',7,'l');
b23=wextend('1','PPD',a',7,'r');
b24=wextend('1d','PPD',a',7);
b25=wextend('1d','PPD',a',7,'b');
b26=wextend('1d','PPD',a',7,'l');
b27=wextend('1d','PPD',a',7,'r');
b28=wextend('1D','PPD',a',7);
b29=wextend('1D','PPD',a',7,'b');
b30=wextend('1D','PPD',a',7,'l');
b31=wextend('1D','PPD',a',7,'r');
c=[a($-6:$) a a(1:7)];
c1=[a($-6:$) a];
c2=[a a(1:7)];
assert_checkalmostequal ( b , c , %eps );
assert_checkalmostequal ( b1 , c , %eps );
assert_checkalmostequal ( b2 , c1 , %eps );
assert_checkalmostequal ( b3 , c2 , %eps );
assert_checkalmostequal ( b4 , c , %eps );
assert_checkalmostequal ( b5 , c , %eps );
assert_checkalmostequal ( b6 , c1 , %eps );
assert_checkalmostequal ( b7 , c2 , %eps );
assert_checkalmostequal ( b8 , c , %eps );
assert_checkalmostequal ( b9 , c, %eps );
assert_checkalmostequal ( b10 , c1 , %eps );
assert_checkalmostequal ( b11 , c2 , %eps );
assert_checkalmostequal ( b12 , c , %eps );
assert_checkalmostequal ( b13 , c , %eps );
assert_checkalmostequal ( b14 , c1 , %eps );
assert_checkalmostequal ( b15 , c2 , %eps );
assert_checkalmostequal ( b16' , c , %eps );
assert_checkalmostequal ( b17' , c , %eps );
assert_checkalmostequal ( b18' , c1 , %eps );
assert_checkalmostequal ( b19' , c2 , %eps );
assert_checkalmostequal ( b20' , c , %eps );
assert_checkalmostequal ( b21' , c, %eps );
assert_checkalmostequal ( b22' , c1 , %eps );
assert_checkalmostequal ( b23' , c2 , %eps );
assert_checkalmostequal ( b24' , c , %eps );
assert_checkalmostequal ( b25' , c , %eps );
assert_checkalmostequal ( b26' , c1 , %eps );
assert_checkalmostequal ( b27' , c2 , %eps );
assert_checkalmostequal ( b28' , c , %eps );
assert_checkalmostequal ( b29' , c , %eps );
assert_checkalmostequal ( b30' , c1 , %eps );
assert_checkalmostequal ( b31' , c2 , %eps );
b=wextend(1,'ppd',a,7);
b1=wextend(1,'ppd',a,7,'b');
b2=wextend(1,'ppd',a,7,'l');
b3=wextend(1,'ppd',a,7,'r');
b4=wextend('1','ppd',a,7);
b5=wextend('1','ppd',a,7,'b');
b6=wextend('1','ppd',a,7,'l');
b7=wextend('1','ppd',a,7,'r');
b8=wextend('1d','ppd',a,7);
b9=wextend('1d','ppd',a,7,'b');
b10=wextend('1d','ppd',a,7,'l');
b11=wextend('1d','ppd',a,7,'r');
b12=wextend('1D','ppd',a,7);
b13=wextend('1D','ppd',a,7,'b');
b14=wextend('1D','ppd',a,7,'l');
b15=wextend('1D','ppd',a,7,'r');
b16=wextend(1,'ppd',a',7);
b17=wextend(1,'ppd',a',7,'b');
b18=wextend(1,'ppd',a',7,'l');
b19=wextend(1,'ppd',a',7,'r');
b20=wextend('1','ppd',a',7);
b21=wextend('1','ppd',a',7,'b');
b22=wextend('1','ppd',a',7,'l');
b23=wextend('1','ppd',a',7,'r');
b24=wextend('1d','ppd',a',7);
b25=wextend('1d','ppd',a',7,'b');
b26=wextend('1d','ppd',a',7,'l');
b27=wextend('1d','ppd',a',7,'r');
b28=wextend('1D','ppd',a',7);
b29=wextend('1D','ppd',a',7,'b');
b30=wextend('1D','ppd',a',7,'l');
b31=wextend('1D','ppd',a',7,'r');
assert_checkalmostequal ( b , c , %eps );
assert_checkalmostequal ( b1 , c , %eps );
assert_checkalmostequal ( b2 , c1 , %eps );
assert_checkalmostequal ( b3 , c2 , %eps );
assert_checkalmostequal ( b4 , c , %eps );
assert_checkalmostequal ( b5 , c , %eps );
assert_checkalmostequal ( b6 , c1 , %eps );
assert_checkalmostequal ( b7 , c2 , %eps );
assert_checkalmostequal ( b8 , c , %eps );
assert_checkalmostequal ( b9 , c, %eps );
assert_checkalmostequal ( b10 , c1 , %eps );
assert_checkalmostequal ( b11 , c2 , %eps );
assert_checkalmostequal ( b12 , c , %eps );
assert_checkalmostequal ( b13 , c , %eps );
assert_checkalmostequal ( b14 , c1 , %eps );
assert_checkalmostequal ( b15 , c2 , %eps );
assert_checkalmostequal ( b16' , c , %eps );
assert_checkalmostequal ( b17' , c , %eps );
assert_checkalmostequal ( b18' , c1 , %eps );
assert_checkalmostequal ( b19' , c2 , %eps );
assert_checkalmostequal ( b20' , c , %eps );
assert_checkalmostequal ( b21' , c, %eps );
assert_checkalmostequal ( b22' , c1 , %eps );
assert_checkalmostequal ( b23' , c2 , %eps );
assert_checkalmostequal ( b24' , c , %eps );
assert_checkalmostequal ( b25' , c , %eps );
assert_checkalmostequal ( b26' , c1 , %eps );
assert_checkalmostequal ( b27' , c2 , %eps );
assert_checkalmostequal ( b28' , c , %eps );
assert_checkalmostequal ( b29' , c , %eps );
assert_checkalmostequal ( b30' , c1 , %eps );
assert_checkalmostequal ( b31' , c2 , %eps );
// SP1
b=wextend(1,'SP1',a,7);
b1=wextend(1,'SP1',a,7,'b');
b2=wextend(1,'SP1',a,7,'l');
b3=wextend(1,'SP1',a,7,'r');
b4=wextend('1','SP1',a,7);
b5=wextend('1','SP1',a,7,'b');
b6=wextend('1','SP1',a,7,'l');
b7=wextend('1','SP1',a,7,'r');
b8=wextend('1d','SP1',a,7);
b9=wextend('1d','SP1',a,7,'b');
b10=wextend('1d','SP1',a,7,'l');
b11=wextend('1d','SP1',a,7,'r');
b12=wextend('1D','SP1',a,7);
b13=wextend('1D','SP1',a,7,'b');
b14=wextend('1D','SP1',a,7,'l');
b15=wextend('1D','SP1',a,7,'r');
b16=wextend(1,'SP1',a',7);
b17=wextend(1,'SP1',a',7,'b');
b18=wextend(1,'SP1',a',7,'l');
b19=wextend(1,'SP1',a',7,'r');
b20=wextend('1','SP1',a',7);
b21=wextend('1','SP1',a',7,'b');
b22=wextend('1','SP1',a',7,'l');
b23=wextend('1','SP1',a',7,'r');
b24=wextend('1d','SP1',a',7);
b25=wextend('1d','SP1',a',7,'b');
b26=wextend('1d','SP1',a',7,'l');
b27=wextend('1d','SP1',a',7,'r');
b28=wextend('1D','SP1',a',7);
b29=wextend('1D','SP1',a',7,'b');
b30=wextend('1D','SP1',a',7,'l');
b31=wextend('1D','SP1',a',7,'r');
ind=[1:7];
ind1=[7:-1:1];
delta1=a(2)-a(1);
delta2=a($)-a($-1);
aa=a(1)-delta1*ind1;
ae=a($)+delta2*ind;
c=[aa a ae];
c1=[aa a];
c2=[a ae];
assert_checkalmostequal ( b , c , %eps );
assert_checkalmostequal ( b1 , c , %eps );
assert_checkalmostequal ( b2 , c1 , %eps );
assert_checkalmostequal ( b3 , c2 , %eps );
assert_checkalmostequal ( b4 , c , %eps );
assert_checkalmostequal ( b5 , c , %eps );
assert_checkalmostequal ( b6 , c1 , %eps );
assert_checkalmostequal ( b7 , c2 , %eps );
assert_checkalmostequal ( b8 , c , %eps );
assert_checkalmostequal ( b9 , c, %eps );
assert_checkalmostequal ( b10 , c1 , %eps );
assert_checkalmostequal ( b11 , c2 , %eps );
assert_checkalmostequal ( b12 , c , %eps );
assert_checkalmostequal ( b13 , c , %eps );
assert_checkalmostequal ( b14 , c1 , %eps );
assert_checkalmostequal ( b15 , c2 , %eps );
assert_checkalmostequal ( b16' , c , %eps );
assert_checkalmostequal ( b17' , c , %eps );
assert_checkalmostequal ( b18' , c1 , %eps );
assert_checkalmostequal ( b19' , c2 , %eps );
assert_checkalmostequal ( b20' , c , %eps );
assert_checkalmostequal ( b21' , c, %eps );
assert_checkalmostequal ( b22' , c1 , %eps );
assert_checkalmostequal ( b23' , c2 , %eps );
assert_checkalmostequal ( b24' , c , %eps );
assert_checkalmostequal ( b25' , c , %eps );
assert_checkalmostequal ( b26' , c1 , %eps );
assert_checkalmostequal ( b27' , c2 , %eps );
assert_checkalmostequal ( b28' , c , %eps );
assert_checkalmostequal ( b29' , c , %eps );
assert_checkalmostequal ( b30' , c1 , %eps );
assert_checkalmostequal ( b31' , c2 , %eps );
b=wextend(1,'sp1',a,7);
b1=wextend(1,'sp1',a,7,'b');
b2=wextend(1,'sp1',a,7,'l');
b3=wextend(1,'sp1',a,7,'r');
b4=wextend('1','sp1',a,7);
b5=wextend('1','sp1',a,7,'b');
b6=wextend('1','sp1',a,7,'l');
b7=wextend('1','sp1',a,7,'r');
b8=wextend('1d','sp1',a,7);
b9=wextend('1d','sp1',a,7,'b');
b10=wextend('1d','sp1',a,7,'l');
b11=wextend('1d','sp1',a,7,'r');
b12=wextend('1D','sp1',a,7);
b13=wextend('1D','sp1',a,7,'b');
b14=wextend('1D','sp1',a,7,'l');
b15=wextend('1D','sp1',a,7,'r');
b16=wextend(1,'sp1',a',7);
b17=wextend(1,'sp1',a',7,'b');
b18=wextend(1,'sp1',a',7,'l');
b19=wextend(1,'sp1',a',7,'r');
b20=wextend('1','sp1',a',7);
b21=wextend('1','sp1',a',7,'b');
b22=wextend('1','sp1',a',7,'l');
b23=wextend('1','sp1',a',7,'r');
b24=wextend('1d','sp1',a',7);
b25=wextend('1d','sp1',a',7,'b');
b26=wextend('1d','sp1',a',7,'l');
b27=wextend('1d','sp1',a',7,'r');
b28=wextend('1D','sp1',a',7);
b29=wextend('1D','sp1',a',7,'b');
b30=wextend('1D','sp1',a',7,'l');
b31=wextend('1D','sp1',a',7,'r');
assert_checkalmostequal ( b , c , %eps );
assert_checkalmostequal ( b1 , c , %eps );
assert_checkalmostequal ( b2 , c1 , %eps );
assert_checkalmostequal ( b3 , c2 , %eps );
assert_checkalmostequal ( b4 , c , %eps );
assert_checkalmostequal ( b5 , c , %eps );
assert_checkalmostequal ( b6 , c1 , %eps );
assert_checkalmostequal ( b7 , c2 , %eps );
assert_checkalmostequal ( b8 , c , %eps );
assert_checkalmostequal ( b9 , c, %eps );
assert_checkalmostequal ( b10 , c1 , %eps );
assert_checkalmostequal ( b11 , c2 , %eps );
assert_checkalmostequal ( b12 , c , %eps );
assert_checkalmostequal ( b13 , c , %eps );
assert_checkalmostequal ( b14 , c1 , %eps );
assert_checkalmostequal ( b15 , c2 , %eps );
assert_checkalmostequal ( b16' , c , %eps );
assert_checkalmostequal ( b17' , c , %eps );
assert_checkalmostequal ( b18' , c1 , %eps );
assert_checkalmostequal ( b19' , c2 , %eps );
assert_checkalmostequal ( b20' , c , %eps );
assert_checkalmostequal ( b21' , c, %eps );
assert_checkalmostequal ( b22' , c1 , %eps );
assert_checkalmostequal ( b23' , c2 , %eps );
assert_checkalmostequal ( b24' , c , %eps );
assert_checkalmostequal ( b25' , c , %eps );
assert_checkalmostequal ( b26' , c1 , %eps );
assert_checkalmostequal ( b27' , c2 , %eps );
assert_checkalmostequal ( b28' , c , %eps );
assert_checkalmostequal ( b29' , c , %eps );
assert_checkalmostequal ( b30' , c1 , %eps );
assert_checkalmostequal ( b31' , c2 , %eps );
b=wextend(1,'SPD',a,7);
b1=wextend(1,'SPD',a,7,'b');
b2=wextend(1,'SPD',a,7,'l');
b3=wextend(1,'SPD',a,7,'r');
b4=wextend('1','SPD',a,7);
b5=wextend('1','SPD',a,7,'b');
b6=wextend('1','SPD',a,7,'l');
b7=wextend('1','SPD',a,7,'r');
b8=wextend('1d','SPD',a,7);
b9=wextend('1d','SPD',a,7,'b');
b10=wextend('1d','SPD',a,7,'l');
b11=wextend('1d','SPD',a,7,'r');
b12=wextend('1D','SPD',a,7);
b13=wextend('1D','SPD',a,7,'b');
b14=wextend('1D','SPD',a,7,'l');
b15=wextend('1D','SPD',a,7,'r');
b16=wextend(1,'SPD',a',7);
b17=wextend(1,'SPD',a',7,'b');
b18=wextend(1,'SPD',a',7,'l');
b19=wextend(1,'SPD',a',7,'r');
b20=wextend('1','SPD',a',7);
b21=wextend('1','SPD',a',7,'b');
b22=wextend('1','SPD',a',7,'l');
b23=wextend('1','SPD',a',7,'r');
b24=wextend('1d','SPD',a',7);
b25=wextend('1d','SPD',a',7,'b');
b26=wextend('1d','SPD',a',7,'l');
b27=wextend('1d','SPD',a',7,'r');
b28=wextend('1D','SPD',a',7);
b29=wextend('1D','SPD',a',7,'b');
b30=wextend('1D','SPD',a',7,'l');
b31=wextend('1D','SPD',a',7,'r');
assert_checkalmostequal ( b , c , %eps );
assert_checkalmostequal ( b1 , c , %eps );
assert_checkalmostequal ( b2 , c1 , %eps );
assert_checkalmostequal ( b3 , c2 , %eps );
assert_checkalmostequal ( b4 , c , %eps );
assert_checkalmostequal ( b5 , c , %eps );
assert_checkalmostequal ( b6 , c1 , %eps );
assert_checkalmostequal ( b7 , c2 , %eps );
assert_checkalmostequal ( b8 , c , %eps );
assert_checkalmostequal ( b9 , c, %eps );
assert_checkalmostequal ( b10 , c1 , %eps );
assert_checkalmostequal ( b11 , c2 , %eps );
assert_checkalmostequal ( b12 , c , %eps );
assert_checkalmostequal ( b13 , c , %eps );
assert_checkalmostequal ( b14 , c1 , %eps );
assert_checkalmostequal ( b15 , c2 , %eps );
assert_checkalmostequal ( b16' , c , %eps );
assert_checkalmostequal ( b17' , c , %eps );
assert_checkalmostequal ( b18' , c1 , %eps );
assert_checkalmostequal ( b19' , c2 , %eps );
assert_checkalmostequal ( b20' , c , %eps );
assert_checkalmostequal ( b21' , c, %eps );
assert_checkalmostequal ( b22' , c1 , %eps );
assert_checkalmostequal ( b23' , c2 , %eps );
assert_checkalmostequal ( b24' , c , %eps );
assert_checkalmostequal ( b25' , c , %eps );
assert_checkalmostequal ( b26' , c1 , %eps );
assert_checkalmostequal ( b27' , c2 , %eps );
assert_checkalmostequal ( b28' , c , %eps );
assert_checkalmostequal ( b29' , c , %eps );
assert_checkalmostequal ( b30' , c1 , %eps );
assert_checkalmostequal ( b31' , c2 , %eps );
b=wextend(1,'spd',a,7);
b1=wextend(1,'spd',a,7,'b');
b2=wextend(1,'spd',a,7,'l');
b3=wextend(1,'spd',a,7,'r');
b4=wextend('1','spd',a,7);
b5=wextend('1','spd',a,7,'b');
b6=wextend('1','spd',a,7,'l');
b7=wextend('1','spd',a,7,'r');
b8=wextend('1d','spd',a,7);
b9=wextend('1d','spd',a,7,'b');
b10=wextend('1d','spd',a,7,'l');
b11=wextend('1d','spd',a,7,'r');
b12=wextend('1D','spd',a,7);
b13=wextend('1D','spd',a,7,'b');
b14=wextend('1D','spd',a,7,'l');
b15=wextend('1D','spd',a,7,'r');
b16=wextend(1,'spd',a',7);
b17=wextend(1,'spd',a',7,'b');
b18=wextend(1,'spd',a',7,'l');
b19=wextend(1,'spd',a',7,'r');
b20=wextend('1','spd',a',7);
b21=wextend('1','spd',a',7,'b');
b22=wextend('1','spd',a',7,'l');
b23=wextend('1','spd',a',7,'r');
b24=wextend('1d','spd',a',7);
b25=wextend('1d','spd',a',7,'b');
b26=wextend('1d','spd',a',7,'l');
b27=wextend('1d','spd',a',7,'r');
b28=wextend('1D','spd',a',7);
b29=wextend('1D','spd',a',7,'b');
b30=wextend('1D','spd',a',7,'l');
b31=wextend('1D','spd',a',7,'r');
assert_checkalmostequal ( b , c , %eps );
assert_checkalmostequal ( b1 , c , %eps );
assert_checkalmostequal ( b2 , c1 , %eps );
assert_checkalmostequal ( b3 , c2 , %eps );
assert_checkalmostequal ( b4 , c , %eps );
assert_checkalmostequal ( b5 , c , %eps );
assert_checkalmostequal ( b6 , c1 , %eps );
assert_checkalmostequal ( b7 , c2 , %eps );
assert_checkalmostequal ( b8 , c , %eps );
assert_checkalmostequal ( b9 , c, %eps );
assert_checkalmostequal ( b10 , c1 , %eps );
assert_checkalmostequal ( b11 , c2 , %eps );
assert_checkalmostequal ( b12 , c , %eps );
assert_checkalmostequal ( b13 , c , %eps );
assert_checkalmostequal ( b14 , c1 , %eps );
assert_checkalmostequal ( b15 , c2 , %eps );
assert_checkalmostequal ( b16' , c , %eps );
assert_checkalmostequal ( b17' , c , %eps );
assert_checkalmostequal ( b18' , c1 , %eps );
assert_checkalmostequal ( b19' , c2 , %eps );
assert_checkalmostequal ( b20' , c , %eps );
assert_checkalmostequal ( b21' , c, %eps );
assert_checkalmostequal ( b22' , c1 , %eps );
assert_checkalmostequal ( b23' , c2 , %eps );
assert_checkalmostequal ( b24' , c , %eps );
assert_checkalmostequal ( b25' , c , %eps );
assert_checkalmostequal ( b26' , c1 , %eps );
assert_checkalmostequal ( b27' , c2 , %eps );
assert_checkalmostequal ( b28' , c , %eps );
assert_checkalmostequal ( b29' , c , %eps );
assert_checkalmostequal ( b30' , c1 , %eps );
assert_checkalmostequal ( b31' , c2 , %eps );
// PER
b=wextend(1,'PER',a,7);
b1=wextend(1,'PER',a,7,'b');
b2=wextend(1,'PER',a,7,'l');
b3=wextend(1,'PER',a,7,'r');
b4=wextend('1','PER',a,7);
b5=wextend('1','PER',a,7,'b');
b6=wextend('1','PER',a,7,'l');
b7=wextend('1','PER',a,7,'r');
b8=wextend('1d','PER',a,7);
b9=wextend('1d','PER',a,7,'b');
b10=wextend('1d','PER',a,7,'l');
b11=wextend('1d','PER',a,7,'r');
b12=wextend('1D','PER',a,7);
b13=wextend('1D','PER',a,7,'b');
b14=wextend('1D','PER',a,7,'l');
b15=wextend('1D','PER',a,7,'r');
b16=wextend(1,'PER',a',7);
b17=wextend(1,'PER',a',7,'b');
b18=wextend(1,'PER',a',7,'l');
b19=wextend(1,'PER',a',7,'r');
b20=wextend('1','PER',a',7);
b21=wextend('1','PER',a',7,'b');
b22=wextend('1','PER',a',7,'l');
b23=wextend('1','PER',a',7,'r');
b24=wextend('1d','PER',a',7);
b25=wextend('1d','PER',a',7,'b');
b26=wextend('1d','PER',a',7,'l');
b27=wextend('1d','PER',a',7,'r');
b28=wextend('1D','PER',a',7);
b29=wextend('1D','PER',a',7,'b');
b30=wextend('1D','PER',a',7,'l');
b31=wextend('1D','PER',a',7,'r');
aa=[a a($)];
c=[aa($-6:$) aa a(1:7)];
c1=[aa($-6:$) aa];
c2=[aa a(1:7)];
assert_checkalmostequal ( b , c , %eps );
assert_checkalmostequal ( b1 , c , %eps );
assert_checkalmostequal ( b2 , c1 , %eps );
assert_checkalmostequal ( b3 , c2 , %eps );
assert_checkalmostequal ( b4 , c , %eps );
assert_checkalmostequal ( b5 , c , %eps );
assert_checkalmostequal ( b6 , c1 , %eps );
assert_checkalmostequal ( b7 , c2 , %eps );
assert_checkalmostequal ( b8 , c , %eps );
assert_checkalmostequal ( b9 , c, %eps );
assert_checkalmostequal ( b10 , c1 , %eps );
assert_checkalmostequal ( b11 , c2 , %eps );
assert_checkalmostequal ( b12 , c , %eps );
assert_checkalmostequal ( b13 , c , %eps );
assert_checkalmostequal ( b14 , c1 , %eps );
assert_checkalmostequal ( b15 , c2 , %eps );
assert_checkalmostequal ( b16' , c , %eps );
assert_checkalmostequal ( b17' , c , %eps );
assert_checkalmostequal ( b18' , c1 , %eps );
assert_checkalmostequal ( b19' , c2 , %eps );
assert_checkalmostequal ( b20' , c , %eps );
assert_checkalmostequal ( b21' , c, %eps );
assert_checkalmostequal ( b22' , c1 , %eps );
assert_checkalmostequal ( b23' , c2 , %eps );
assert_checkalmostequal ( b24' , c , %eps );
assert_checkalmostequal ( b25' , c , %eps );
assert_checkalmostequal ( b26' , c1 , %eps );
assert_checkalmostequal ( b27' , c2 , %eps );
assert_checkalmostequal ( b28' , c , %eps );
assert_checkalmostequal ( b29' , c , %eps );
assert_checkalmostequal ( b30' , c1 , %eps );
assert_checkalmostequal ( b31' , c2 , %eps );
b=wextend(1,'per',a,7);
b1=wextend(1,'per',a,7,'b');
b2=wextend(1,'per',a,7,'l');
b3=wextend(1,'per',a,7,'r');
b4=wextend('1','per',a,7);
b5=wextend('1','per',a,7,'b');
b6=wextend('1','per',a,7,'l');
b7=wextend('1','per',a,7,'r');
b8=wextend('1d','per',a,7);
b9=wextend('1d','per',a,7,'b');
b10=wextend('1d','per',a,7,'l');
b11=wextend('1d','per',a,7,'r');
b12=wextend('1D','per',a,7);
b13=wextend('1D','per',a,7,'b');
b14=wextend('1D','per',a,7,'l');
b15=wextend('1D','per',a,7,'r');
b16=wextend(1,'per',a',7);
b17=wextend(1,'per',a',7,'b');
b18=wextend(1,'per',a',7,'l');
b19=wextend(1,'per',a',7,'r');
b20=wextend('1','per',a',7);
b21=wextend('1','per',a',7,'b');
b22=wextend('1','per',a',7,'l');
b23=wextend('1','per',a',7,'r');
b24=wextend('1d','per',a',7);
b25=wextend('1d','per',a',7,'b');
b26=wextend('1d','per',a',7,'l');
b27=wextend('1d','per',a',7,'r');
b28=wextend('1D','per',a',7);
b29=wextend('1D','per',a',7,'b');
b30=wextend('1D','per',a',7,'l');
b31=wextend('1D','per',a',7,'r');
assert_checkalmostequal ( b , c , %eps );
assert_checkalmostequal ( b1 , c , %eps );
assert_checkalmostequal ( b2 , c1 , %eps );
assert_checkalmostequal ( b3 , c2 , %eps );
assert_checkalmostequal ( b4 , c , %eps );
assert_checkalmostequal ( b5 , c , %eps );
assert_checkalmostequal ( b6 , c1 , %eps );
assert_checkalmostequal ( b7 , c2 , %eps );
assert_checkalmostequal ( b8 , c , %eps );
assert_checkalmostequal ( b9 , c, %eps );
assert_checkalmostequal ( b10 , c1 , %eps );
assert_checkalmostequal ( b11 , c2 , %eps );
assert_checkalmostequal ( b12 , c , %eps );
assert_checkalmostequal ( b13 , c , %eps );
assert_checkalmostequal ( b14 , c1 , %eps );
assert_checkalmostequal ( b15 , c2 , %eps );
assert_checkalmostequal ( b16' , c , %eps );
assert_checkalmostequal ( b17' , c , %eps );
assert_checkalmostequal ( b18' , c1 , %eps );
assert_checkalmostequal ( b19' , c2 , %eps );
assert_checkalmostequal ( b20' , c , %eps );
assert_checkalmostequal ( b21' , c, %eps );
assert_checkalmostequal ( b22' , c1 , %eps );
assert_checkalmostequal ( b23' , c2 , %eps );
assert_checkalmostequal ( b24' , c , %eps );
assert_checkalmostequal ( b25' , c , %eps );
assert_checkalmostequal ( b26' , c1 , %eps );
assert_checkalmostequal ( b27' , c2 , %eps );
assert_checkalmostequal ( b28' , c , %eps );
assert_checkalmostequal ( b29' , c , %eps );
assert_checkalmostequal ( b30' , c1 , %eps );
assert_checkalmostequal ( b31' , c2 , %eps );
a=rand(1,50,'normal');
b=wextend(1,'PER',a,7);
b1=wextend(1,'PER',a,7,'b');
b2=wextend(1,'PER',a,7,'l');
b3=wextend(1,'PER',a,7,'r');
b4=wextend('1','PER',a,7);
b5=wextend('1','PER',a,7,'b');
b6=wextend('1','PER',a,7,'l');
b7=wextend('1','PER',a,7,'r');
b8=wextend('1d','PER',a,7);
b9=wextend('1d','PER',a,7,'b');
b10=wextend('1d','PER',a,7,'l');
b11=wextend('1d','PER',a,7,'r');
b12=wextend('1D','PER',a,7);
b13=wextend('1D','PER',a,7,'b');
b14=wextend('1D','PER',a,7,'l');
b15=wextend('1D','PER',a,7,'r');
b16=wextend(1,'PER',a',7);
b17=wextend(1,'PER',a',7,'b');
b18=wextend(1,'PER',a',7,'l');
b19=wextend(1,'PER',a',7,'r');
b20=wextend('1','PER',a',7);
b21=wextend('1','PER',a',7,'b');
b22=wextend('1','PER',a',7,'l');
b23=wextend('1','PER',a',7,'r');
b24=wextend('1d','PER',a',7);
b25=wextend('1d','PER',a',7,'b');
b26=wextend('1d','PER',a',7,'l');
b27=wextend('1d','PER',a',7,'r');
b28=wextend('1D','PER',a',7);
b29=wextend('1D','PER',a',7,'b');
b30=wextend('1D','PER',a',7,'l');
b31=wextend('1D','PER',a',7,'r');
c=[a($-6:$) a a(1:7)];
c1=[a($-6:$) a];
c2=[a a(1:7)];
assert_checkalmostequal ( b , c , %eps );
assert_checkalmostequal ( b1 , c , %eps );
assert_checkalmostequal ( b2 , c1 , %eps );
assert_checkalmostequal ( b3 , c2 , %eps );
assert_checkalmostequal ( b4 , c , %eps );
assert_checkalmostequal ( b5 , c , %eps );
assert_checkalmostequal ( b6 , c1 , %eps );
assert_checkalmostequal ( b7 , c2 , %eps );
assert_checkalmostequal ( b8 , c , %eps );
assert_checkalmostequal ( b9 , c, %eps );
assert_checkalmostequal ( b10 , c1 , %eps );
assert_checkalmostequal ( b11 , c2 , %eps );
assert_checkalmostequal ( b12 , c , %eps );
assert_checkalmostequal ( b13 , c , %eps );
assert_checkalmostequal ( b14 , c1 , %eps );
assert_checkalmostequal ( b15 , c2 , %eps );
assert_checkalmostequal ( b16' , c , %eps );
assert_checkalmostequal ( b17' , c , %eps );
assert_checkalmostequal ( b18' , c1 , %eps );
assert_checkalmostequal ( b19' , c2 , %eps );
assert_checkalmostequal ( b20' , c , %eps );
assert_checkalmostequal ( b21' , c, %eps );
assert_checkalmostequal ( b22' , c1 , %eps );
assert_checkalmostequal ( b23' , c2 , %eps );
assert_checkalmostequal ( b24' , c , %eps );
assert_checkalmostequal ( b25' , c , %eps );
assert_checkalmostequal ( b26' , c1 , %eps );
assert_checkalmostequal ( b27' , c2 , %eps );
assert_checkalmostequal ( b28' , c , %eps );
assert_checkalmostequal ( b29' , c , %eps );
assert_checkalmostequal ( b30' , c1 , %eps );
assert_checkalmostequal ( b31' , c2 , %eps );
b=wextend(1,'per',a,7);
b1=wextend(1,'per',a,7,'b');
b2=wextend(1,'per',a,7,'l');
b3=wextend(1,'per',a,7,'r');
b4=wextend('1','per',a,7);
b5=wextend('1','per',a,7,'b');
b6=wextend('1','per',a,7,'l');
b7=wextend('1','per',a,7,'r');
b8=wextend('1d','per',a,7);
b9=wextend('1d','per',a,7,'b');
b10=wextend('1d','per',a,7,'l');
b11=wextend('1d','per',a,7,'r');
b12=wextend('1D','per',a,7);
b13=wextend('1D','per',a,7,'b');
b14=wextend('1D','per',a,7,'l');
b15=wextend('1D','per',a,7,'r');
b16=wextend(1,'per',a',7);
b17=wextend(1,'per',a',7,'b');
b18=wextend(1,'per',a',7,'l');
b19=wextend(1,'per',a',7,'r');
b20=wextend('1','per',a',7);
b21=wextend('1','per',a',7,'b');
b22=wextend('1','per',a',7,'l');
b23=wextend('1','per',a',7,'r');
b24=wextend('1d','per',a',7);
b25=wextend('1d','per',a',7,'b');
b26=wextend('1d','per',a',7,'l');
b27=wextend('1d','per',a',7,'r');
b28=wextend('1D','per',a',7);
b29=wextend('1D','per',a',7,'b');
b30=wextend('1D','per',a',7,'l');
b31=wextend('1D','per',a',7,'r');
assert_checkalmostequal ( b , c , %eps );
assert_checkalmostequal ( b1 , c , %eps );
assert_checkalmostequal ( b2 , c1 , %eps );
assert_checkalmostequal ( b3 , c2 , %eps );
assert_checkalmostequal ( b4 , c , %eps );
assert_checkalmostequal ( b5 , c , %eps );
assert_checkalmostequal ( b6 , c1 , %eps );
assert_checkalmostequal ( b7 , c2 , %eps );
assert_checkalmostequal ( b8 , c , %eps );
assert_checkalmostequal ( b9 , c, %eps );
assert_checkalmostequal ( b10 , c1 , %eps );
assert_checkalmostequal ( b11 , c2 , %eps );
assert_checkalmostequal ( b12 , c , %eps );
assert_checkalmostequal ( b13 , c , %eps );
assert_checkalmostequal ( b14 , c1 , %eps );
assert_checkalmostequal ( b15 , c2 , %eps );
assert_checkalmostequal ( b16' , c , %eps );
assert_checkalmostequal ( b17' , c , %eps );
assert_checkalmostequal ( b18' , c1 , %eps );
assert_checkalmostequal ( b19' , c2 , %eps );
assert_checkalmostequal ( b20' , c , %eps );
assert_checkalmostequal ( b21' , c, %eps );
assert_checkalmostequal ( b22' , c1 , %eps );
assert_checkalmostequal ( b23' , c2 , %eps );
assert_checkalmostequal ( b24' , c , %eps );
assert_checkalmostequal ( b25' , c , %eps );
assert_checkalmostequal ( b26' , c1 , %eps );
assert_checkalmostequal ( b27' , c2 , %eps );
assert_checkalmostequal ( b28' , c , %eps );
assert_checkalmostequal ( b29' , c , %eps );
assert_checkalmostequal ( b30' , c1 , %eps );
assert_checkalmostequal ( b31' , c2 , %eps );
//disp("-->Matrix Input<--");
// symh
a=rand(50,51,'normal');
b=wextend(2,'symh',a,7);
b1=wextend('2','symh',a,7);
b2=wextend('2d','symh',a,7);
b3=wextend('2D','symh',a,7);
b4=wextend(2,'symh',a',7);
b5=wextend('2','symh',a',7);
b6=wextend('2d','symh',a',7);
b7=wextend('2D','symh',a',7);
b8=wextend(2,'SYMH',a,7);
b9=wextend('2','SYMH',a,7);
b10=wextend('2d','SYMH',a,7);
b11=wextend('2D','SYMH',a,7);
b12=wextend(2,'SYMH',a',7);
b13=wextend('2','SYMH',a',7);
b14=wextend('2d','SYMH',a',7);
b15=wextend('2D','SYMH',a',7);
b16=wextend(2,'sym',a,7);
b17=wextend('2','sym',a,7);
b18=wextend('2d','sym',a,7);
b19=wextend('2D','sym',a,7);
b20=wextend(2,'sym',a',7);
b21=wextend('2','sym',a',7);
b22=wextend('2d','sym',a',7);
b23=wextend('2D','sym',a',7);
b24=wextend(2,'SYM',a,7);
b25=wextend('2','SYM',a,7);
b26=wextend('2d','SYM',a,7);
b27=wextend('2D','SYM',a,7);
b28=wextend(2,'SYM',a',7);
b29=wextend('2','SYM',a',7);
b30=wextend('2d','SYM',a',7);
b31=wextend('2D','SYM',a',7);
c=zeros(64,65);
for i=1:50,
c(i+7,:)=wextend(1,'symh',a(i,:),7,'b');
end
c=c';
for i=1:65,
c(i,:)=wextend(1,'symh',c(i,8:57),7,'b');
end
c=c';
assert_checkalmostequal ( b , c , %eps );
assert_checkalmostequal ( b1 , c , %eps );
assert_checkalmostequal ( b2 , c , %eps );
assert_checkalmostequal ( b3 , c , %eps );
assert_checkalmostequal ( b4' , c , %eps );
assert_checkalmostequal ( b5' , c , %eps );
assert_checkalmostequal ( b6' , c , %eps );
assert_checkalmostequal ( b7' , c , %eps );
assert_checkalmostequal ( b8 , c , %eps );
assert_checkalmostequal ( b9 , c, %eps );
assert_checkalmostequal ( b10 , c , %eps );
assert_checkalmostequal ( b11 , c , %eps );
assert_checkalmostequal ( b12' , c , %eps );
assert_checkalmostequal ( b13' , c , %eps );
assert_checkalmostequal ( b14' , c , %eps );
assert_checkalmostequal ( b15' , c , %eps );
assert_checkalmostequal ( b16 , c , %eps );
assert_checkalmostequal ( b17 , c , %eps );
assert_checkalmostequal ( b18 , c , %eps );
assert_checkalmostequal ( b19 , c , %eps );
assert_checkalmostequal ( b20' , c , %eps );
assert_checkalmostequal ( b21' , c, %eps );
assert_checkalmostequal ( b22' , c , %eps );
assert_checkalmostequal ( b23' , c , %eps );
assert_checkalmostequal ( b24 , c , %eps );
assert_checkalmostequal ( b25 , c , %eps );
assert_checkalmostequal ( b26 , c , %eps );
assert_checkalmostequal ( b27 , c , %eps );
assert_checkalmostequal ( b28' , c , %eps );
assert_checkalmostequal ( b29' , c , %eps );
assert_checkalmostequal ( b30' , c , %eps );
assert_checkalmostequal ( b31' , c , %eps );
// asymh
b=wextend(2,'asymh',a,7);
b1=wextend('2','asymh',a,7);
b2=wextend('2d','asymh',a,7);
b3=wextend('2D','asymh',a,7);
b4=wextend(2,'asymh',a',7);
b5=wextend('2','asymh',a',7);
b6=wextend('2d','asymh',a',7);
b7=wextend('2D','asymh',a',7);
b8=wextend(2,'ASYMH',a,7);
b9=wextend('2','ASYMH',a,7);
b10=wextend('2d','ASYMH',a,7);
b11=wextend('2D','ASYMH',a,7);
b12=wextend(2,'ASYMH',a',7);
b13=wextend('2','ASYMH',a',7);
b14=wextend('2d','ASYMH',a',7);
b15=wextend('2D','ASYMH',a',7);
b16=wextend(2,'asym',a,7);
b17=wextend('2','asym',a,7);
b18=wextend('2d','asym',a,7);
b19=wextend('2D','asym',a,7);
b20=wextend(2,'asym',a',7);
b21=wextend('2','asym',a',7);
b22=wextend('2d','asym',a',7);
b23=wextend('2D','asym',a',7);
b24=wextend(2,'ASYM',a,7);
b25=wextend('2','ASYM',a,7);
b26=wextend('2d','ASYM',a,7);
b27=wextend('2D','ASYM',a,7);
b28=wextend(2,'ASYM',a',7);
b29=wextend('2','ASYM',a',7);
b30=wextend('2d','ASYM',a',7);
b31=wextend('2D','ASYM',a',7);
c=zeros(64,65);
for i=1:50,
c(i+7,:)=wextend(1,'asymh',a(i,:),7,'b');
end
c=c';
for i=1:65,
c(i,:)=wextend(1,'asymh',c(i,8:57),7,'b');
end
c=c';
assert_checkalmostequal ( b , c , %eps );
assert_checkalmostequal ( b1 , c , %eps );
assert_checkalmostequal ( b2 , c , %eps );
assert_checkalmostequal ( b3 , c , %eps );
assert_checkalmostequal ( b4' , c , %eps );
assert_checkalmostequal ( b5' , c , %eps );
assert_checkalmostequal ( b6' , c , %eps );
assert_checkalmostequal ( b7' , c , %eps );
assert_checkalmostequal ( b8 , c , %eps );
assert_checkalmostequal ( b9 , c, %eps );
assert_checkalmostequal ( b10 , c , %eps );
assert_checkalmostequal ( b11 , c , %eps );
assert_checkalmostequal ( b12' , c , %eps );
assert_checkalmostequal ( b13' , c , %eps );
assert_checkalmostequal ( b14' , c , %eps );
assert_checkalmostequal ( b15' , c , %eps );
assert_checkalmostequal ( b16 , c , %eps );
assert_checkalmostequal ( b17 , c , %eps );
assert_checkalmostequal ( b18 , c , %eps );
assert_checkalmostequal ( b19 , c , %eps );
assert_checkalmostequal ( b20' , c , %eps );
assert_checkalmostequal ( b21' , c, %eps );
assert_checkalmostequal ( b22' , c , %eps );
assert_checkalmostequal ( b23' , c , %eps );
assert_checkalmostequal ( b24 , c , %eps );
assert_checkalmostequal ( b25 , c , %eps );
assert_checkalmostequal ( b26 , c , %eps );
assert_checkalmostequal ( b27 , c , %eps );
assert_checkalmostequal ( b28' , c , %eps );
assert_checkalmostequal ( b29' , c , %eps );
assert_checkalmostequal ( b30' , c , %eps );
assert_checkalmostequal ( b31' , c , %eps );
// SPD
b=wextend(2,'spd',a,7);
b1=wextend('2','spd',a,7);
b2=wextend('2d','spd',a,7);
b3=wextend('2D','spd',a,7);
b4=wextend(2,'spd',a',7);
b5=wextend('2','spd',a',7);
b6=wextend('2d','spd',a',7);
b7=wextend('2D','spd',a',7);
b8=wextend(2,'SPD',a,7);
b9=wextend('2','SPD',a,7);
b10=wextend('2d','SPD',a,7);
b11=wextend('2D','SPD',a,7);
b12=wextend(2,'SPD',a',7);
b13=wextend('2','SPD',a',7);
b14=wextend('2d','SPD',a',7);
b15=wextend('2D','SPD',a',7);
b16=wextend(2,'sp1',a,7);
b17=wextend('2','sp1',a,7);
b18=wextend('2d','sp1',a,7);
b19=wextend('2D','sp1',a,7);
b20=wextend(2,'sp1',a',7);
b21=wextend('2','sp1',a',7);
b22=wextend('2d','sp1',a',7);
b23=wextend('2D','sp1',a',7);
b24=wextend(2,'SP1',a,7);
b25=wextend('2','SP1',a,7);
b26=wextend('2d','SP1',a,7);
b27=wextend('2D','SP1',a,7);
b28=wextend(2,'SP1',a',7);
b29=wextend('2','SP1',a',7);
b30=wextend('2d','SP1',a',7);
b31=wextend('2D','SP1',a',7);
c=zeros(64,65);
for i=1:50,
c(i+7,:)=wextend(1,'spd',a(i,:),7,'b');
end
c=c';
for i=1:65,
c(i,:)=wextend(1,'spd',c(i,8:57),7,'b');
end
c=c';
assert_checkalmostequal ( b , c , %eps );
assert_checkalmostequal ( b1 , c , %eps );
assert_checkalmostequal ( b2 , c , %eps );
assert_checkalmostequal ( b3 , c , %eps );
assert_checkalmostequal ( b4' , c , %eps );
assert_checkalmostequal ( b5' , c , %eps );
assert_checkalmostequal ( b6' , c , %eps );
assert_checkalmostequal ( b7' , c , %eps );
assert_checkalmostequal ( b8 , c , %eps );
assert_checkalmostequal ( b9 , c, %eps );
assert_checkalmostequal ( b10 , c , %eps );
assert_checkalmostequal ( b11 , c , %eps );
assert_checkalmostequal ( b12' , c , %eps );
assert_checkalmostequal ( b13' , c , %eps );
assert_checkalmostequal ( b14' , c , %eps );
assert_checkalmostequal ( b15' , c , %eps );
assert_checkalmostequal ( b16 , c , %eps );
assert_checkalmostequal ( b17 , c , %eps );
assert_checkalmostequal ( b18 , c , %eps );
assert_checkalmostequal ( b19 , c , %eps );
assert_checkalmostequal ( b20' , c , %eps );
assert_checkalmostequal ( b21' , c, %eps );
assert_checkalmostequal ( b22' , c , %eps );
assert_checkalmostequal ( b23' , c , %eps );
assert_checkalmostequal ( b24 , c , %eps );
assert_checkalmostequal ( b25 , c , %eps );
assert_checkalmostequal ( b26 , c , %eps );
assert_checkalmostequal ( b27 , c , %eps );
assert_checkalmostequal ( b28' , c , %eps );
assert_checkalmostequal ( b29' , c , %eps );
assert_checkalmostequal ( b30' , c , %eps );
assert_checkalmostequal ( b31' , c , %eps );
// sp0
b=wextend(2,'sp0',a,7);
b1=wextend('2','sp0',a,7);
b2=wextend('2d','sp0',a,7);
b3=wextend('2D','sp0',a,7);
b4=wextend(2,'sp0',a',7);
b5=wextend('2','sp0',a',7);
b6=wextend('2d','sp0',a',7);
b7=wextend('2D','sp0',a',7);
b8=wextend(2,'SP0',a,7);
b9=wextend('2','SP0',a,7);
b10=wextend('2d','SP0',a,7);
b11=wextend('2D','SP0',a,7);
b12=wextend(2,'SP0',a',7);
b13=wextend('2','SP0',a',7);
b14=wextend('2d','SP0',a',7);
b15=wextend('2D','SP0',a',7);
c=zeros(64,65);
for i=1:50,
c(i+7,:)=wextend(1,'sp0',a(i,:),7,'b');
end
c=c';
for i=1:65,
c(i,:)=wextend(1,'sp0',c(i,8:57),7,'b');
end
c=c';
assert_checkalmostequal ( b , c , %eps );
assert_checkalmostequal ( b1 , c , %eps );
assert_checkalmostequal ( b2 , c , %eps );
assert_checkalmostequal ( b3 , c , %eps );
assert_checkalmostequal ( b4' , c , %eps );
assert_checkalmostequal ( b5' , c , %eps );
assert_checkalmostequal ( b6' , c , %eps );
assert_checkalmostequal ( b7' , c , %eps );
assert_checkalmostequal ( b8 , c , %eps );
assert_checkalmostequal ( b9 , c, %eps );
assert_checkalmostequal ( b10 , c , %eps );
assert_checkalmostequal ( b11 , c , %eps );
assert_checkalmostequal ( b12' , c , %eps );
assert_checkalmostequal ( b13' , c , %eps );
assert_checkalmostequal ( b14' , c , %eps );
assert_checkalmostequal ( b15' , c , %eps );
// symw
b=wextend(2,'symw',a,7);
b1=wextend('2','symw',a,7);
b2=wextend('2d','symw',a,7);
b3=wextend('2D','symw',a,7);
b4=wextend(2,'symw',a',7);
b5=wextend('2','symw',a',7);
b6=wextend('2d','symw',a',7);
b7=wextend('2D','symw',a',7);
b8=wextend(2,'SYMW',a,7);
b9=wextend('2','SYMW',a,7);
b10=wextend('2d','SYMW',a,7);
b11=wextend('2D','SYMW',a,7);
b12=wextend(2,'SYMW',a',7);
b13=wextend('2','SYMW',a',7);
b14=wextend('2d','SYMW',a',7);
b15=wextend('2D','SYMW',a',7);
c=zeros(64,65);
for i=1:50,
c(i+7,:)=wextend(1,'symw',a(i,:),7,'b');
end
c=c';
for i=1:65,
c(i,:)=wextend(1,'symw',c(i,8:57),7,'b');
end
c=c';
assert_checkalmostequal ( b , c , %eps );
assert_checkalmostequal ( b1 , c , %eps );
assert_checkalmostequal ( b2 , c , %eps );
assert_checkalmostequal ( b3 , c , %eps );
assert_checkalmostequal ( b4' , c , %eps );
assert_checkalmostequal ( b5' , c , %eps );
assert_checkalmostequal ( b6' , c , %eps );
assert_checkalmostequal ( b7' , c , %eps );
assert_checkalmostequal ( b8 , c , %eps );
assert_checkalmostequal ( b9 , c, %eps );
assert_checkalmostequal ( b10 , c , %eps );
assert_checkalmostequal ( b11 , c , %eps );
assert_checkalmostequal ( b12' , c , %eps );
assert_checkalmostequal ( b13' , c , %eps );
assert_checkalmostequal ( b14' , c , %eps );
assert_checkalmostequal ( b15' , c , %eps );
// asymw
b=wextend(2,'asymw',a,7);
b1=wextend('2','asymw',a,7);
b2=wextend('2d','asymw',a,7);
b3=wextend('2D','asymw',a,7);
b4=wextend(2,'asymw',a',7);
b5=wextend('2','asymw',a',7);
b6=wextend('2d','asymw',a',7);
b7=wextend('2D','asymw',a',7);
b8=wextend(2,'ASYMW',a,7);
b9=wextend('2','ASYMW',a,7);
b10=wextend('2d','ASYMW',a,7);
b11=wextend('2D','ASYMW',a,7);
b12=wextend(2,'ASYMW',a',7);
b13=wextend('2','ASYMW',a',7);
b14=wextend('2d','ASYMW',a',7);
b15=wextend('2D','ASYMW',a',7);
c=zeros(64,65);
for i=1:50,
c(i+7,:)=wextend(1,'asymw',a(i,:),7,'b');
end
c=c';
for i=1:65,
c(i,:)=wextend(1,'asymw',c(i,8:57),7,'b');
end
c=c';
assert_checkalmostequal ( b , c , %eps );
assert_checkalmostequal ( b1 , c , %eps );
assert_checkalmostequal ( b2 , c , %eps );
assert_checkalmostequal ( b3 , c , %eps );
assert_checkalmostequal ( b4' , c , %eps );
assert_checkalmostequal ( b5' , c , %eps );
assert_checkalmostequal ( b6' , c , %eps );
assert_checkalmostequal ( b7' , c , %eps );
assert_checkalmostequal ( b8 , c , %eps );
assert_checkalmostequal ( b9 , c, %eps );
assert_checkalmostequal ( b10 , c , %eps );
assert_checkalmostequal ( b11 , c , %eps );
assert_checkalmostequal ( b12' , c , %eps );
assert_checkalmostequal ( b13' , c , %eps );
assert_checkalmostequal ( b14' , c , %eps );
assert_checkalmostequal ( b15' , c , %eps );
// zpd
b=wextend(2,'zpd',a,7);
b1=wextend('2','zpd',a,7);
b2=wextend('2d','zpd',a,7);
b3=wextend('2D','zpd',a,7);
b4=wextend(2,'zpd',a',7);
b5=wextend('2','zpd',a',7);
b6=wextend('2d','zpd',a',7);
b7=wextend('2D','zpd',a',7);
b8=wextend(2,'ZPD',a,7);
b9=wextend('2','ZPD',a,7);
b10=wextend('2d','ZPD',a,7);
b11=wextend('2D','ZPD',a,7);
b12=wextend(2,'ZPD',a',7);
b13=wextend('2','ZPD',a',7);
b14=wextend('2d','ZPD',a',7);
b15=wextend('2D','ZPD',a',7);
c=zeros(64,65);
for i=1:50,
c(i+7,:)=wextend(1,'zpd',a(i,:),7,'b');
end
c=c';
for i=1:65,
c(i,:)=wextend(1,'zpd',c(i,8:57),7,'b');
end
c=c';
assert_checkalmostequal ( b , c , %eps );
assert_checkalmostequal ( b1 , c , %eps );
assert_checkalmostequal ( b2 , c , %eps );
assert_checkalmostequal ( b3 , c , %eps );
assert_checkalmostequal ( b4' , c , %eps );
assert_checkalmostequal ( b5' , c , %eps );
assert_checkalmostequal ( b6' , c , %eps );
assert_checkalmostequal ( b7' , c , %eps );
assert_checkalmostequal ( b8 , c , %eps );
assert_checkalmostequal ( b9 , c, %eps );
assert_checkalmostequal ( b10 , c , %eps );
assert_checkalmostequal ( b11 , c , %eps );
assert_checkalmostequal ( b12' , c , %eps );
assert_checkalmostequal ( b13' , c , %eps );
assert_checkalmostequal ( b14' , c , %eps );
assert_checkalmostequal ( b15' , c , %eps );
// ppd
b=wextend(2,'ppd',a,7);
b1=wextend('2','ppd',a,7);
b2=wextend('2d','ppd',a,7);
b3=wextend('2D','ppd',a,7);
b4=wextend(2,'ppd',a',7);
b5=wextend('2','ppd',a',7);
b6=wextend('2d','ppd',a',7);
b7=wextend('2D','ppd',a',7);
b8=wextend(2,'PPD',a,7);
b9=wextend('2','PPD',a,7);
b10=wextend('2d','PPD',a,7);
b11=wextend('2D','PPD',a,7);
b12=wextend(2,'PPD',a',7);
b13=wextend('2','PPD',a',7);
b14=wextend('2d','PPD',a',7);
b15=wextend('2D','PPD',a',7);
c=zeros(64,65);
for i=1:50,
c(i+7,:)=wextend(1,'ppd',a(i,:),7,'b');
end
c=c';
for i=1:65,
c(i,:)=wextend(1,'ppd',c(i,8:57),7,'b');
end
c=c';
assert_checkalmostequal ( b , c , %eps );
assert_checkalmostequal ( b1 , c , %eps );
assert_checkalmostequal ( b2 , c , %eps );
assert_checkalmostequal ( b3 , c , %eps );
assert_checkalmostequal ( b4' , c , %eps );
assert_checkalmostequal ( b5' , c , %eps );
assert_checkalmostequal ( b6' , c , %eps );
assert_checkalmostequal ( b7' , c , %eps );
assert_checkalmostequal ( b8 , c , %eps );
assert_checkalmostequal ( b9 , c, %eps );
assert_checkalmostequal ( b10 , c , %eps );
assert_checkalmostequal ( b11 , c , %eps );
assert_checkalmostequal ( b12' , c , %eps );
assert_checkalmostequal ( b13' , c , %eps );
assert_checkalmostequal ( b14' , c , %eps );
assert_checkalmostequal ( b15' , c , %eps );
// per
b=wextend(2,'per',a,7);
b1=wextend('2','per',a,7);
b2=wextend('2d','per',a,7);
b3=wextend('2D','per',a,7);
//b4=wextend(2,'per',a',7);
//b5=wextend('2','per',a',7);
//b6=wextend('2d','per',a',7);
//b7=wextend('2D','per',a',7);
b8=wextend(2,'PER',a,7);
b9=wextend('2','PER',a,7);
b10=wextend('2d','PER',a,7);
b11=wextend('2D','PER',a,7);
//b12=wextend(2,'PER',a',7);
//b13=wextend('2','PER',a',7);
//b14=wextend('2d','PER',a',7);
//b15=wextend('2D','PER',a',7);
c=zeros(64,66);
for i=1:50,
c(i+7,:)=wextend(1,'per',a(i,:),7,'b');
end
c=c';
for i=1:66,
c(i,:)=wextend(1,'per',c(i,8:57),7,'b');
end
c=c';
assert_checkalmostequal ( b , c , %eps );
assert_checkalmostequal ( b1 , c , %eps );
assert_checkalmostequal ( b2 , c , %eps );
assert_checkalmostequal ( b3 , c , %eps );
// assert_checkalmostequal ( b4' , c , %eps );
// assert_checkalmostequal ( b5' , c , %eps );
// assert_checkalmostequal ( b6' , c , %eps );
// assert_checkalmostequal ( b7' , c , %eps );
assert_checkalmostequal ( b8 , c , %eps );
assert_checkalmostequal ( b9 , c, %eps );
assert_checkalmostequal ( b10 , c , %eps );
assert_checkalmostequal ( b11 , c , %eps );
// assert_checkalmostequal ( b12' , c , %eps );
// assert_checkalmostequal ( b13' , c , %eps );
// assert_checkalmostequal ( b14' , c , %eps );
// assert_checkalmostequal ( b15' , c , %eps );
//disp("-->Matrix Input, 1D Extension<--");
a=rand(50,51,'normal');
b=wextend(2,'symh',a,[7 6]);
b1=wextend('2','symh',a,[7 6]);
b2=wextend('2d','symh',a,[7 6]);
b3=wextend('2D','symh',a,[7 6]);
b4=wextend(2,'symh',a,[7 6]');
b5=wextend('2','symh',a,[7 6]');
b6=wextend('2d','symh',a,[7 6]');
b7=wextend('2D','symh',a,[7 6]');
c=zeros(64,63);
for i=1:50,
c(i+7,:)=wextend(1,'symh',a(i,:),6,'b');
end
c=c';
for i=1:63,
c(i,:)=wextend(1,'symh',c(i,8:57),7,'b');
end
c=c';
assert_checkalmostequal ( b , c , %eps );
assert_checkalmostequal ( b1 , c , %eps );
assert_checkalmostequal ( b2 , c , %eps );
assert_checkalmostequal ( b3 , c , %eps );
assert_checkalmostequal ( b4 , c , %eps );
assert_checkalmostequal ( b5 , c , %eps );
assert_checkalmostequal ( b6 , c , %eps );
assert_checkalmostequal ( b7 , c , %eps );
b=wextend(2,'symh',a,[7 6],['b' 'b']);
b1=wextend(2,'symh',a,[7 6],['b' 'r']);
b2=wextend(2,'symh',a,[7 6],['b' 'l']);
b3=wextend(2,'symh',a,[7 6],['r' 'b']);
b4=wextend(2,'symh',a,[7 6],['r' 'r']);
b5=wextend(2,'symh',a,[7 6],['r' 'l']);
b6=wextend(2,'symh',a,[7 6],['l' 'b']);
b7=wextend(2,'symh',a,[7 6],['l' 'r']);
b8=wextend(2,'symh',a,[7 6],['l' 'l']);
b9=wextend(2,'symh',a,[7 6],'bb');
b10=wextend(2,'symh',a,[7 6],'br');
b11=wextend(2,'symh',a,[7 6],'bl');
b12=wextend(2,'symh',a,[7 6],'rb');
b13=wextend(2,'symh',a,[7 6],'rr');
b14=wextend(2,'symh',a,[7 6],'rl');
b15=wextend(2,'symh',a,[7 6],'lb');
b16=wextend(2,'symh',a,[7 6],'lr');
b17=wextend(2,'symh',a,[7 6],'ll');
c1=zeros(64,63);
c2=zeros(64,57);
c3=zeros(64,57);
c4=zeros(57,63);
c5=zeros(57,57);
c6=zeros(57,57);
c7=zeros(57,63);
c8=zeros(57,57);
c9=zeros(57,57);
for i=1:50,
c1(i+7,:)=wextend(1,'symh',a(i,:),6,'b');
end
c1=c1';
for i=1:63,
c1(i,:)=wextend(1,'symh',c1(i,8:57),7,'b');
end
c1=c1';
for i=1:50,
c2(i+7,:)=wextend(1,'symh',a(i,:),6,'r');
end
c2=c2';
for i=1:57,
c2(i,:)=wextend(1,'symh',c2(i,8:57),7,'b');
end
c2=c2';
for i=1:50,
c3(i+7,:)=wextend(1,'symh',a(i,:),6,'l');
end
c3=c3';
for i=1:57,
c3(i,:)=wextend(1,'symh',c3(i,8:57),7,'b');
end
c3=c3';
for i=1:50,
c4(i+7,:)=wextend(1,'symh',a(i,:),6,'b');
end
c4=c4';
for i=1:63,
c4(i,:)=wextend(1,'symh',c4(i,8:57),7,'r');
end
c4=c4';
for i=1:50,
c5(i+7,:)=wextend(1,'symh',a(i,:),6,'r');
end
c5=c5';
for i=1:57,
c5(i,:)=wextend(1,'symh',c5(i,8:57),7,'r');
end
c5=c5';
for i=1:50,
c6(i+7,:)=wextend(1,'symh',a(i,:),6,'l');
end
c6=c6';
for i=1:57,
c6(i,:)=wextend(1,'symh',c6(i,8:57),7,'r');
end
c6=c6';
for i=1:50,
c7(i+7,:)=wextend(1,'symh',a(i,:),6,'b');
end
c7=c7';
for i=1:63,
c7(i,:)=wextend(1,'symh',c7(i,8:57),7,'l');
end
c7=c7';
for i=1:50,
c8(i+7,:)=wextend(1,'symh',a(i,:),6,'r');
end
c8=c8';
for i=1:57,
c8(i,:)=wextend(1,'symh',c8(i,8:57),7,'l');
end
c8=c8';
for i=1:50,
c9(i+7,:)=wextend(1,'symh',a(i,:),6,'l');
end
c9=c9';
for i=1:57,
c9(i,:)=wextend(1,'symh',c9(i,8:57),7,'l');
end
c9=c9';
assert_checkalmostequal ( b , c1 , %eps );
assert_checkalmostequal ( b1 , c2 , %eps );
assert_checkalmostequal ( b2 , c3 , %eps );
assert_checkalmostequal ( b3 , c4 , %eps );
assert_checkalmostequal ( b4 , c5 , %eps );
assert_checkalmostequal ( b5 , c6 , %eps );
assert_checkalmostequal ( b6 , c7 , %eps );
assert_checkalmostequal ( b7 , c8 , %eps );
assert_checkalmostequal ( b8 , c9 , %eps );
assert_checkalmostequal ( b9 , c1 , %eps );
assert_checkalmostequal ( b10 , c2 , %eps );
assert_checkalmostequal ( b11 , c3 , %eps );
assert_checkalmostequal ( b12 , c4 , %eps );
assert_checkalmostequal ( b13 , c5 , %eps );
assert_checkalmostequal ( b14 , c6 , %eps );
assert_checkalmostequal ( b15 , c7 , %eps );
assert_checkalmostequal ( b16 , c8 , %eps );
assert_checkalmostequal ( b17 , c9 , %eps );
a=rand(50,51,'normal');
b=wextend('ar','symh',a,7);
b1=wextend('ar','symh',a,7,'b');
b2=wextend('ar','symh',a,7,'l');
b3=wextend('ar','symh',a,7,'r');
b4=wextend('addrow','symh',a,7);
b5=wextend('addrow','symh',a,7,'b');
b6=wextend('addrow','symh',a,7,'l');
b7=wextend('addrow','symh',a,7,'r');
c1=zeros(64,51);
c1=c1';
aa=a';
for i=1:51,
c1(i,:)=wextend(1,'symh',aa(i,:),7,'b');
end
c1=c1';
c2=zeros(57,51);
c2=c2';
aa=a';
for i=1:51,
c2(i,:)=wextend(1,'symh',aa(i,:),7,'l');
end
c2=c2';
c3=zeros(57,51);
c3=c3';
aa=a';
for i=1:51,
c3(i,:)=wextend(1,'symh',aa(i,:),7,'r');
end
c3=c3';
assert_checkalmostequal ( b , c1 , %eps );
assert_checkalmostequal ( b1 , c1 , %eps );
assert_checkalmostequal ( b2 , c2 , %eps );
assert_checkalmostequal ( b3 , c3 , %eps );
assert_checkalmostequal ( b4 , c1 , %eps );
assert_checkalmostequal ( b5 , c1 , %eps );
assert_checkalmostequal ( b6 , c2 , %eps );
assert_checkalmostequal ( b7 , c3 , %eps );
b=wextend('ac','symh',a,7);
b1=wextend('ac','symh',a,7,'b');
b2=wextend('ac','symh',a,7,'l');
b3=wextend('ac','symh',a,7,'r');
b4=wextend('addcol','symh',a,7);
b5=wextend('addcol','symh',a,7,'b');
b6=wextend('addcol','symh',a,7,'l');
b7=wextend('addcol','symh',a,7,'r');
c1=zeros(50,65);
for i=1:50,
c1(i,:)=wextend(1,'symh',a(i,:),7,'b');
end
c2=zeros(50,58);
for i=1:50,
c2(i,:)=wextend(1,'symh',a(i,:),7,'l');
end
c3=zeros(50,58);
for i=1:50,
c3(i,:)=wextend(1,'symh',a(i,:),7,'r');
end
assert_checkalmostequal ( b , c1 , %eps );
assert_checkalmostequal ( b1 , c1 , %eps );
assert_checkalmostequal ( b2 , c2 , %eps );
assert_checkalmostequal ( b3 , c3 , %eps );
assert_checkalmostequal ( b4 , c1 , %eps );
assert_checkalmostequal ( b5 , c1 , %eps );
assert_checkalmostequal ( b6 , c2 , %eps );
assert_checkalmostequal ( b7 , c3 , %eps );
